Component: ARM Compiler 5.06 update 6 (build 750) Tool: armlink [4d35ed]

==============================================================================

Section Cross References

    main.o(i.Read_Parameter) refers to flash.o(i.FLASH_Read_Data) for FLASH_Read_Data
    main.o(i.Read_Parameter) refers to flash.o(i.FLASH_ProgramPage) for FLASH_ProgramPage
    main.o(i.Read_Parameter) refers to userapp.o(.bss) for Device_Param
    main.o(i.main) refers to system_sn32f700b.o(i.SystemInit) for SystemInit
    main.o(i.main) refers to system_sn32f700b.o(i.SystemCoreClockUpdate) for SystemCoreClockUpdate
    main.o(i.main) refers to main.o(i.NotPinOut_GPIO_init) for NotPinOut_GPIO_init
    main.o(i.main) refers to gpio.o(i.GPIO_Init) for GPIO_Init
    main.o(i.main) refers to uart0.o(i.UART0_Init) for UART0_Init
    main.o(i.main) refers to ct16b1.o(i.MN_CT16B1_Init) for MN_CT16B1_Init
    main.o(i.main) refers to ct16b2.o(i.MN_CT16B2_Init) for MN_CT16B2_Init
    main.o(i.main) refers to systick.o(i.SysTick_Init) for SysTick_Init
    main.o(i.main) refers to main.o(i.Read_Parameter) for Read_Parameter
    main.o(i.main) refers to utility.o(i.UT_DelayNms) for UT_DelayNms
    main.o(i.main) refers to mcu_api.o(i.wifi_protocol_init) for wifi_protocol_init
    main.o(i.main) refers to wdt.o(i.WDT_ReloadValue) for WDT_ReloadValue
    main.o(i.main) refers to main.o(i.__ARM_common_switch8) for __ARM_common_switch8
    main.o(i.main) refers to userapp.o(i.Key_Process) for Key_Process
    main.o(i.main) refers to mcu_api.o(i.wifi_uart_service) for wifi_uart_service
    main.o(i.main) refers to userapp.o(i.Fade_Process) for Fade_Process
    main.o(i.main) refers to userapp.o(i.SetTimeout_Process) for SetTimeout_Process
    main.o(i.main) refers to pmu_drive.o(i.PMU_Setting) for PMU_Setting
    main.o(i.main) refers to systick.o(.data) for Step_Flag
    main.o(i.main) refers to main.o(.data) for Step_Cnt
    main.o(i.main) refers to userapp.o(.bss) for Device_Param
    userapp.o(i.Connect_With_Switch) refers to userapp.o(i.Dimmer_Save_Prmtr) for Dimmer_Save_Prmtr
    userapp.o(i.Connect_With_Switch) refers to gpio.o(.data) for backup_value
    userapp.o(i.Connect_With_Switch) refers to userapp.o(.data) for IsSwitch
    userapp.o(i.Connect_With_Switch) refers to userapp.o(.bss) for Device_Param
    userapp.o(i.Dim_Process) refers to userapp.o(.data) for pwm_delay
    userapp.o(i.Dimmer_Save_Prmtr) refers to flash.o(i.FLASH_ProgramPage) for FLASH_ProgramPage
    userapp.o(i.Dimmer_Save_Prmtr) refers to utility.o(i.UT_DelayNx10us) for UT_DelayNx10us
    userapp.o(i.Dimmer_Save_Prmtr) refers to userapp.o(.bss) for Device_Param
    userapp.o(i.Fade_Process) refers to systick.o(.data) for FadeProcessFlag
    userapp.o(i.Fade_Process) refers to userapp.o(.data) for dim_fade_add
    userapp.o(i.Fade_Process) refers to userapp.o(.bss) for Device_Param
    userapp.o(i.Key_Add_LongPress_Down_Handle) refers to aeabi_sdiv.o(.text) for __aeabi_uidivmod
    userapp.o(i.Key_Add_LongPress_Down_Handle) refers to mcu_api.o(i.mcu_dp_value_update) for mcu_dp_value_update
    userapp.o(i.Key_Add_LongPress_Down_Handle) refers to userapp.o(i.UartB_SendData) for UartB_SendData
    userapp.o(i.Key_Add_LongPress_Down_Handle) refers to userapp.o(.data) for workMode
    userapp.o(i.Key_Add_LongPress_Down_Handle) refers to userapp.o(.bss) for Device_Param
    userapp.o(i.Key_Add_LongPress_Up_Handle) refers to userapp.o(.data) for dim_fade_add
    userapp.o(i.Key_Add_ShortPress_Handle) refers to aeabi_sdiv.o(.text) for __aeabi_uidivmod
    userapp.o(i.Key_Add_ShortPress_Handle) refers to mcu_api.o(i.mcu_dp_value_update) for mcu_dp_value_update
    userapp.o(i.Key_Add_ShortPress_Handle) refers to userapp.o(i.UartB_SendData) for UartB_SendData
    userapp.o(i.Key_Add_ShortPress_Handle) refers to userapp.o(.bss) for Device_Param
    userapp.o(i.Key_Add_ShortPress_Handle) refers to userapp.o(.data) for workMode
    userapp.o(i.Key_Check) refers to userapp.o(i.Key_Scan) for Key_Scan
    userapp.o(i.Key_Check) refers to userapp.o(.data) for key_val
    userapp.o(i.Key_Check) refers to userapp.o(.bss) for Device_Param
    userapp.o(i.Key_Dec_LongPress_Down_Handle) refers to aeabi_sdiv.o(.text) for __aeabi_uidivmod
    userapp.o(i.Key_Dec_LongPress_Down_Handle) refers to mcu_api.o(i.mcu_dp_value_update) for mcu_dp_value_update
    userapp.o(i.Key_Dec_LongPress_Down_Handle) refers to userapp.o(i.UartB_SendData) for UartB_SendData
    userapp.o(i.Key_Dec_LongPress_Down_Handle) refers to userapp.o(.data) for workMode
    userapp.o(i.Key_Dec_LongPress_Down_Handle) refers to userapp.o(.bss) for Device_Param
    userapp.o(i.Key_Dec_LongPress_Up_Handle) refers to userapp.o(.data) for dim_fade_dec
    userapp.o(i.Key_Dec_ShortPress_Handle) refers to aeabi_sdiv.o(.text) for __aeabi_uidivmod
    userapp.o(i.Key_Dec_ShortPress_Handle) refers to mcu_api.o(i.mcu_dp_value_update) for mcu_dp_value_update
[...]
    rtexit2.o(.ARM.exidx) refers to rtexit2.o(.ARM.Collect$$rtexit$$00000004) for .ARM.Collect$$rtexit$$00000004
    __raise.o(.text) refers to defsig.o(CL$$defsig) for __default_signal_handler
    defsig_general.o(.text) refers to sys_wrch.o(.text) for _ttywrch
    sys_wrch.o(.text) refers (Special) to use_no_semi.o(.text) for __I$use$semihosting
    sys_wrch.o(.text) refers (Special) to indicate_semi.o(.text) for __semihosting_library_function
    defsig.o(CL$$defsig) refers to defsig_fpe_inner.o(.text) for __rt_SIGFPE_inner
    defsig.o(CL$$defsig) refers to defsig_rtmem_inner.o(.text) for __rt_SIGRTMEM_inner
    _get_argv_nomalloc.o(.text) refers (Special) to hrguard.o(.text) for __heap_region$guard
    _get_argv_nomalloc.o(.text) refers to defsig_rtmem_outer.o(.text) for __rt_SIGRTMEM
    _get_argv_nomalloc.o(.text) refers to sys_command.o(.text) for _sys_command_string
    libshutdown.o(.ARM.Collect$$libshutdown$$00000000) refers (Special) to libshutdown2.o(.ARM.Collect$$libshutdown$$00000002) for __rt_lib_shutdown_cpp_1
    libshutdown.o(.ARM.Collect$$libshutdown$$00000000) refers (Special) to libshutdown2.o(.ARM.Collect$$libshutdown$$00000007) for __rt_lib_shutdown_fp_trap_1
    libshutdown.o(.ARM.Collect$$libshutdown$$00000000) refers (Special) to libshutdown2.o(.ARM.Collect$$libshutdown$$0000000F) for __rt_lib_shutdown_heap_1
    libshutdown.o(.ARM.Collect$$libshutdown$$00000000) refers (Special) to libshutdown2.o(.ARM.Collect$$libshutdown$$00000010) for __rt_lib_shutdown_return
    libshutdown.o(.ARM.Collect$$libshutdown$$00000000) refers (Special) to libshutdown2.o(.ARM.Collect$$libshutdown$$0000000A) for __rt_lib_shutdown_signal_1
    libshutdown.o(.ARM.Collect$$libshutdown$$00000000) refers (Special) to libshutdown2.o(.ARM.Collect$$libshutdown$$00000004) for __rt_lib_shutdown_stdio_1
    libshutdown.o(.ARM.Collect$$libshutdown$$00000000) refers (Special) to libshutdown2.o(.ARM.Collect$$libshutdown$$0000000C) for __rt_lib_shutdown_user_alloc_1
    sys_command.o(.text) refers (Special) to use_no_semi.o(.text) for __I$use$semihosting
    sys_command.o(.text) refers (Special) to indicate_semi.o(.text) for __semihosting_library_function
    defsig_abrt_inner.o(.text) refers to defsig_general.o(.text) for __default_signal_display
    defsig_rtred_inner.o(.text) refers to defsig_general.o(.text) for __default_signal_display
    defsig_rtmem_inner.o(.text) refers to defsig_general.o(.text) for __default_signal_display
    defsig_rtmem_outer.o(.text) refers to defsig_rtmem_inner.o(.text) for __rt_SIGRTMEM_inner
    defsig_rtmem_outer.o(.text) refers to defsig_exit.o(.text) for __sig_exit
    defsig_rtmem_formal.o(.text) refers to rt_raise.o(.text) for __rt_raise
    defsig_stak_inner.o(.text) refers to defsig_general.o(.text) for __default_signal_display
    defsig_pvfn_inner.o(.text) refers to defsig_general.o(.text) for __default_signal_display
    defsig_cppl_inner.o(.text) refers to defsig_general.o(.text) for __default_signal_display
    defsig_segv_inner.o(.text) refers to defsig_general.o(.text) for __default_signal_display
    defsig_other.o(.text) refers to defsig_general.o(.text) for __default_signal_display


==============================================================================

Removing Unused input sections from the image.

    Removing main.o(.rev16_text), (4 bytes).
    Removing main.o(.revsh_text), (4 bytes).
    Removing userapp.o(.rev16_text), (4 bytes).
    Removing userapp.o(.revsh_text), (4 bytes).
    Removing userapp.o(i.Connect_With_Switch), (120 bytes).
    Removing userapp.o(i.Dim_Process), (100 bytes).
    Removing userapp.o(i.Led_Process), (116 bytes).
    Removing userapp.o(i.UartB_Process), (284 bytes).
    Removing sys_con_drive.o(.rev16_text), (4 bytes).
    Removing sys_con_drive.o(.revsh_text), (4 bytes).
    Removing sys_con_drive.o(i.SYS0_EnableEHSXtal), (56 bytes).
    Removing sys_con_drive.o(i.SYS0_EnableELSXtal), (36 bytes).
    Removing sys_con_drive.o(i.SYS0_EnableIHRC), (36 bytes).
    Removing sys_con_drive.o(i.SYS0_EnablePLL), (76 bytes).
    Removing sys_con_drive.o(i.SYS0_GetResetStatus), (24 bytes).
    Removing sys_con_drive.o(i.SYS0_LvdControl), (160 bytes).
    Removing sys_con_drive.o(i.SYS0_SystemClockSwitch), (168 bytes).
    Removing sys_con_drive.o(i.SYS0_SystemCoreClockUpdate), (76 bytes).
    Removing sys_con_drive.o(i.SYS1_EnableClockout), (52 bytes).
    Removing sys_con_drive.o(.data), (4 bytes).
    Removing utility.o(.rev16_text), (4 bytes).
    Removing utility.o(.revsh_text), (4 bytes).
    Removing ct16b0.o(.rev16_text), (4 bytes).
    Removing ct16b0.o(.revsh_text), (4 bytes).
    Removing ct16b0.o(i.CT16B0_Init), (76 bytes).
    Removing ct16b0.o(i.CT16B0_NvicDisable), (60 bytes).
    Removing ct16b0.o(i.CT16B0_NvicEnable), (36 bytes).
    Removing ct16b0.o(i.MN_CT16B0_Init), (8 bytes).
    Removing ct16b0.o(i.__NVIC_ClearPendingIRQ), (24 bytes).
    Removing ct16b0.o(.data), (4 bytes).
    Removing ct16b1.o(.rev16_text), (4 bytes).
    Removing ct16b1.o(.revsh_text), (4 bytes).
    Removing ct16b1.o(i.CT16B1_NvicDisable), (60 bytes).
    Removing ct16b2.o(.rev16_text), (4 bytes).
    Removing ct16b2.o(.revsh_text), (4 bytes).
    Removing ct16b2.o(i.CT16B2_NvicDisable), (60 bytes).
    Removing flash.o(.rev16_text), (4 bytes).
    Removing flash.o(.revsh_text), (4 bytes).
    Removing flash.o(i.FLASH_Checksum), (36 bytes).
    Removing flash.o(.data), (8 bytes).
    Removing gpio.o(.rev16_text), (4 bytes).
    Removing gpio.o(.revsh_text), (4 bytes).
    Removing gpio.o(i.GPIO_OpenDrain), (48 bytes).
    Removing pmu_drive.o(.rev16_text), (4 bytes).
    Removing pmu_drive.o(.revsh_text), (4 bytes).
    Removing pmu_drive.o(i.PMU_Backup_data), (40 bytes).
    Removing systick.o(.rev16_text), (4 bytes).
    Removing systick.o(.revsh_text), (4 bytes).
    Removing uart0.o(.rev16_text), (4 bytes).
    Removing uart0.o(.revsh_text), (4 bytes).
    Removing uart0.o(i.UART0_AutoBaudrateInit), (16 bytes).
    Removing uart0.o(i.UART0_Disable), (36 bytes).
    Removing uart0.o(i.UART0_Enable), (40 bytes).
    Removing uart1.o(.rev16_text), (4 bytes).
    Removing uart1.o(.revsh_text), (4 bytes).
    Removing uart1.o(i.UART1_AutoBaudrateInit), (16 bytes).
    Removing uart1.o(i.UART1_Disable), (36 bytes).
    Removing uart1.o(i.UART1_Enable), (40 bytes).
    Removing uart1.o(i.UART1_Init), (96 bytes).
    Removing uart1.o(i.UART1_InterruptEnable), (16 bytes).
    Removing wdt.o(.rev16_text), (4 bytes).
    Removing wdt.o(.revsh_text), (4 bytes).
    Removing wdt.o(i.WDT_Init), (60 bytes).
    Removing wdt.o(i.WDT_NvicDisable), (60 bytes).
    Removing wdt.o(i.WDT_NvicEnable), (60 bytes).
    Removing wdt.o(i.WDT_SelectClockSource), (32 bytes).
    Removing wdt.o(i.__NVIC_SetPriority), (120 bytes).
    Removing mcu_api.o(i.hex_to_bcd), (108 bytes).
    Removing mcu_api.o(i.int_to_byte), (20 bytes).
    Removing mcu_api.o(i.mcu_dp_fault_update), (196 bytes).
    Removing mcu_api.o(i.mcu_dp_raw_update), (108 bytes).
    Removing mcu_api.o(i.mcu_dp_string_update), (108 bytes).
    Removing mcu_api.o(i.mcu_get_reset_wifi_flag), (12 bytes).
    Removing mcu_api.o(i.mcu_get_wifimode_flag), (12 bytes).
    Removing mcu_api.o(i.mcu_set_wifi_mode), (36 bytes).
    Removing mcu_api.o(i.mcu_start_wifitest), (12 bytes).
    Removing mcu_api.o(i.my_memset), (34 bytes).
    Removing mcu_api.o(i.my_strcmp), (36 bytes).
    Removing mcu_api.o(i.my_strcpy), (24 bytes).
    Removing mcu_api.o(i.wifi_heart_stop), (12 bytes).
    Removing protocol.o(.rev16_text), (4 bytes).
    Removing protocol.o(.revsh_text), (4 bytes).
    Removing system_sn32f700b.o(.rev16_text), (4 bytes).
    Removing system_sn32f700b.o(.revsh_text), (4 bytes).

84 unused section(s) (total 3242 bytes) removed from the image.

==============================================================================

Image Symbol Table

    Local Symbols

    Symbol Name                              Value     Ov Type        Size  Object(Section)

    RESET                                    0x00000000   Section      192  startup_sn32f700b.o(RESET)
    ../clib/angel/boardlib.s                 0x00000000   Number         0  boardinit1.o ABSOLUTE
    ../clib/angel/boardlib.s                 0x00000000   Number         0  boardinit2.o ABSOLUTE
    ../clib/angel/boardlib.s                 0x00000000   Number         0  boardinit3.o ABSOLUTE
    ../clib/angel/boardlib.s                 0x00000000   Number         0  boardshut.o ABSOLUTE
    ../clib/angel/handlers.s                 0x00000000   Number         0  __scatter_copy.o ABSOLUTE
    ../clib/angel/handlers.s                 0x00000000   Number         0  __scatter_zi.o ABSOLUTE
    ../clib/angel/kernel.s                   0x00000000   Number         0  rtexit.o ABSOLUTE
    ../clib/angel/kernel.s                   0x00000000   Number         0  __rtentry.o ABSOLUTE
    ../clib/angel/kernel.s                   0x00000000   Number         0  __rtentry2.o ABSOLUTE
    ../clib/angel/kernel.s                   0x00000000   Number         0  __rtentry4.o ABSOLUTE
    ../clib/angel/kernel.s                   0x00000000   Number         0  rtexit2.o ABSOLUTE
    ../clib/angel/rt.s                       0x00000000   Number         0  rt_raise.o ABSOLUTE
    ../clib/angel/rt.s                       0x00000000   Number         0  rt_div0.o ABSOLUTE
    ../clib/angel/rt.s                       0x00000000   Number         0  aeabi_idiv0.o ABSOLUTE
    ../clib/angel/rt.s                       0x00000000   Number         0  aeabi_idiv0_sigfpe.o ABSOLUTE
    ../clib/angel/scatterp.s                 0x00000000   Number         0  __scatter.o ABSOLUTE
    ../clib/angel/startup.s                  0x00000000   Number         0  __main.o ABSOLUTE
    ../clib/angel/sys.s                      0x00000000   Number         0  sys_stackheap_outer.o ABSOLUTE
    ../clib/angel/sys.s                      0x00000000   Number         0  libspace.o ABSOLUTE
    ../clib/angel/sys.s                      0x00000000   Number         0  tempstk.o ABSOLUTE
    ../clib/angel/sys.s                      0x00000000   Number         0  indicate_semi.o ABSOLUTE
    ../clib/angel/sys.s                      0x00000000   Number         0  use_no_semi.o ABSOLUTE
    ../clib/angel/sysapp.c                   0x00000000   Number         0  sys_command.o ABSOLUTE
    ../clib/angel/sysapp.c                   0x00000000   Number         0  sys_exit.o ABSOLUTE
    ../clib/angel/sysapp.c                   0x00000000   Number         0  sys_wrch.o ABSOLUTE
    ../clib/armsys.c                         0x00000000   Number         0  no_argv.o ABSOLUTE
    ../clib/armsys.c                         0x00000000   Number         0  argv_veneer.o ABSOLUTE
    ../clib/armsys.c                         0x00000000   Number         0  _get_argv_nomalloc.o ABSOLUTE
    ../clib/division.s                       0x00000000   Number         0  aeabi_sdiv_div0.o ABSOLUTE
    ../clib/division.s                       0x00000000   Number         0  aeabi_sdiv.o ABSOLUTE
    ../clib/heapalloc.c                      0x00000000   Number         0  hrguard.o ABSOLUTE
    ../clib/heapaux.c                        0x00000000   Number         0  heapauxi.o ABSOLUTE
    ../clib/libinit.s                        0x00000000   Number         0  libinit2.o ABSOLUTE
    ../clib/libinit.s                        0x00000000   Number         0  libshutdown.o ABSOLUTE
    ../clib/libinit.s                        0x00000000   Number         0  libinit.o ABSOLUTE
    ../clib/libinit.s                        0x00000000   Number         0  libshutdown2.o ABSOLUTE
    ../clib/memcpset.c                       0x00000000   Number         0  rt_memcpy.o ABSOLUTE
    ../clib/memcpset.c                       0x00000000   Number         0  rt_memcpy.o ABSOLUTE
    ../clib/signal.c                         0x00000000   Number         0  defsig_fpe_inner.o ABSOLUTE
    ../clib/signal.c                         0x00000000   Number         0  defsig_exit.o ABSOLUTE
    ../clib/signal.c                         0x00000000   Number         0  defsig_general.o ABSOLUTE
    ../clib/signal.c                         0x00000000   Number         0  defsig_abrt_inner.o ABSOLUTE
    ../clib/signal.c                         0x00000000   Number         0  defsig_cppl_inner.o ABSOLUTE
    ../clib/signal.c                         0x00000000   Number         0  __raise.o ABSOLUTE
    ../clib/signal.c                         0x00000000   Number         0  defsig_rtred_inner.o ABSOLUTE
    ../clib/signal.c                         0x00000000   Number         0  defsig_rtmem_inner.o ABSOLUTE
    ../clib/signal.c                         0x00000000   Number         0  defsig_fpe_formal.o ABSOLUTE
    ../clib/signal.c                         0x00000000   Number         0  defsig_fpe_outer.o ABSOLUTE
    ../clib/signal.c                         0x00000000   Number         0  defsig_rtmem_outer.o ABSOLUTE
    ../clib/signal.c                         0x00000000   Number         0  defsig_rtmem_formal.o ABSOLUTE
    ../clib/signal.c                         0x00000000   Number         0  defsig_stak_inner.o ABSOLUTE
    ../clib/signal.c                         0x00000000   Number         0  defsig_pvfn_inner.o ABSOLUTE
    ../clib/signal.c                         0x00000000   Number         0  defsig_other.o ABSOLUTE
    ../clib/signal.c                         0x00000000   Number         0  defsig_segv_inner.o ABSOLUTE
    ../clib/signal.s                         0x00000000   Number         0  defsig.o ABSOLUTE
    ../clib/stdlib.c                         0x00000000   Number         0  exit.o ABSOLUTE
    ../fplib/cfplib/fpinit.c                 0x00000000   Number         0  fpinit.o ABSOLUTE
    Interface\CT\CT16B0.c                    0x00000000   Number         0  ct16b0.o ABSOLUTE
    Interface\CT\CT16B1.c                    0x00000000   Number         0  ct16b1.o ABSOLUTE
    Interface\CT\CT16B2.c                    0x00000000   Number         0  ct16b2.o ABSOLUTE
    Interface\FLASH\Flash.c                  0x00000000   Number         0  flash.o ABSOLUTE
    Interface\GPIO\GPIO.c                    0x00000000   Number         0  gpio.o ABSOLUTE
    Interface\MCU_SDK\mcu_api.c              0x00000000   Number         0  mcu_api.o ABSOLUTE
    Interface\MCU_SDK\protocol.c             0x00000000   Number         0  protocol.o ABSOLUTE
    Interface\MCU_SDK\system.c               0x00000000   Number         0  system.o ABSOLUTE
    Interface\PMU\PMU_drive.c                0x00000000   Number         0  pmu_drive.o ABSOLUTE
    Interface\Source\userApp.c               0x00000000   Number         0  userapp.o ABSOLUTE
    Interface\SysTick\SysTick.c              0x00000000   Number         0  systick.o ABSOLUTE
    Interface\UART\UART0.c                   0x00000000   Number         0  uart0.o ABSOLUTE
    Interface\UART\UART1.c                   0x00000000   Number         0  uart1.o ABSOLUTE
    Interface\WDT\WDT.c                      0x00000000   Number         0  wdt.o ABSOLUTE
    Interface\\CT\\CT16B0.c                  0x00000000   Number         0  ct16b0.o ABSOLUTE
    Interface\\CT\\CT16B1.c                  0x00000000   Number         0  ct16b1.o ABSOLUTE
    Interface\\CT\\CT16B2.c                  0x00000000   Number         0  ct16b2.o ABSOLUTE
    Interface\\FLASH\\Flash.c                0x00000000   Number         0  flash.o ABSOLUTE
    Interface\\GPIO\\GPIO.c                  0x00000000   Number         0  gpio.o ABSOLUTE
    Interface\\MCU_SDK\\protocol.c           0x00000000   Number         0  protocol.o ABSOLUTE
    Interface\\PMU\\PMU_drive.c              0x00000000   Number         0  pmu_drive.o ABSOLUTE
    Interface\\Source\\userApp.c             0x00000000   Number         0  userapp.o ABSOLUTE
    Interface\\SysTick\\SysTick.c            0x00000000   Number         0  systick.o ABSOLUTE
    Interface\\UART\\UART0.c                 0x00000000   Number         0  uart0.o ABSOLUTE
    Interface\\UART\\UART1.c                 0x00000000   Number         0  uart1.o ABSOLUTE
    Interface\\WDT\\WDT.c                    0x00000000   Number         0  wdt.o ABSOLUTE
    RTE\Device\SN32F707BF\startup_SN32F700B.s 0x00000000   Number         0  startup_sn32f700b.o ABSOLUTE
    RTE\Device\SN32F707BF\system_SN32F700B.c 0x00000000   Number         0  system_sn32f700b.o ABSOLUTE
    RTE\\Device\\SN32F707BF\\system_SN32F700B.c 0x00000000   Number         0  system_sn32f700b.o ABSOLUTE
    System\SYS_con_drive.c                   0x00000000   Number         0  sys_con_drive.o ABSOLUTE
    System\\SYS_con_drive.c                  0x00000000   Number         0  sys_con_drive.o ABSOLUTE
    Utility\Utility.c                        0x00000000   Number         0  utility.o ABSOLUTE
    Utility\\Utility.c                       0x00000000   Number         0  utility.o ABSOLUTE
    dc.s                                     0x00000000   Number         0  dc.o ABSOLUTE
    main.c                                   0x00000000   Number         0  main.o ABSOLUTE
    main.c                                   0x00000000   Number         0  main.o ABSOLUTE
    !!!main                                  0x000000c0   Section        8  __main.o(!!!main)
    !!!scatter                               0x000000c8   Section       60  __scatter.o(!!!scatter)
    !!handler_copy                           0x00000104   Section       26  __scatter_copy.o(!!handler_copy)
    !!handler_zi                             0x00000120   Section       28  __scatter_zi.o(!!handler_zi)
    .ARM.Collect$$libinit$$00000000          0x0000013c   Section        2  libinit.o(.ARM.Collect$$libinit$$00000000)
    .ARM.Collect$$libinit$$00000002          0x0000013e   Section        0  libinit2.o(.ARM.Collect$$libinit$$00000002)
    .ARM.Collect$$libinit$$00000004          0x0000013e   Section        0  libinit2.o(.ARM.Collect$$libinit$$00000004)
    .ARM.Collect$$libinit$$0000000A          0x0000013e   Section        0  libinit2.o(.ARM.Collect$$libinit$$0000000A)
    .ARM.Collect$$libinit$$0000000C          0x0000013e   Section        0  libinit2.o(.ARM.Collect$$libinit$$0000000C)
    .ARM.Collect$$libinit$$0000000E          0x0000013e   Section        0  libinit2.o(.ARM.Collect$$libinit$$0000000E)
    .ARM.Collect$$libinit$$00000011          0x0000013e   Section        0  libinit2.o(.ARM.Collect$$libinit$$00000011)
    .ARM.Collect$$libinit$$00000013          0x0000013e   Section        0  libinit2.o(.ARM.Collect$$libinit$$00000013)
    .ARM.Collect$$libinit$$00000015          0x0000013e   Section        0  libinit2.o(.ARM.Collect$$libinit$$00000015)
    .ARM.Collect$$libinit$$00000017          0x0000013e   Section        0  libinit2.o(.ARM.Collect$$libinit$$00000017)
    .ARM.Collect$$libinit$$00000019          0x0000013e   Section        0  libinit2.o(.ARM.Collect$$libinit$$00000019)
    .ARM.Collect$$libinit$$0000001B          0x0000013e   Section        0  libinit2.o(.ARM.Collect$$libinit$$0000001B)
    .ARM.Collect$$libinit$$0000001D          0x0000013e   Section        0  libinit2.o(.ARM.Collect$$libinit$$0000001D)
    .ARM.Collect$$libinit$$0000001F          0x0000013e   Section        0  libinit2.o(.ARM.Collect$$libinit$$0000001F)
    .ARM.Collect$$libinit$$00000021          0x0000013e   Section        0  libinit2.o(.ARM.Collect$$libinit$$00000021)
    .ARM.Collect$$libinit$$00000023          0x0000013e   Section        0  libinit2.o(.ARM.Collect$$libinit$$00000023)
    .ARM.Collect$$libinit$$00000025          0x0000013e   Section        0  libinit2.o(.ARM.Collect$$libinit$$00000025)
    .ARM.Collect$$libinit$$0000002C          0x0000013e   Section        0  libinit2.o(.ARM.Collect$$libinit$$0000002C)
    .ARM.Collect$$libinit$$0000002E          0x0000013e   Section        0  libinit2.o(.ARM.Collect$$libinit$$0000002E)
    .ARM.Collect$$libinit$$00000030          0x0000013e   Section        0  libinit2.o(.ARM.Collect$$libinit$$00000030)
    .ARM.Collect$$libinit$$00000032          0x0000013e   Section        0  libinit2.o(.ARM.Collect$$libinit$$00000032)
    .ARM.Collect$$libinit$$00000033          0x0000013e   Section        2  libinit2.o(.ARM.Collect$$libinit$$00000033)
    .ARM.Collect$$libshutdown$$00000000      0x00000140   Section        2  libshutdown.o(.ARM.Collect$$libshutdown$$00000000)
    .ARM.Collect$$libshutdown$$00000002      0x00000142   Section        0  libshutdown2.o(.ARM.Collect$$libshutdown$$00000002)
    .ARM.Collect$$libshutdown$$00000004      0x00000142   Section        0  libshutdown2.o(.ARM.Collect$$libshutdown$$00000004)
    .ARM.Collect$$libshutdown$$00000007      0x00000142   Section        0  libshutdown2.o(.ARM.Collect$$libshutdown$$00000007)
    .ARM.Collect$$libshutdown$$0000000A      0x00000142   Section        0  libshutdown2.o(.ARM.Collect$$libshutdown$$0000000A)
    .ARM.Collect$$libshutdown$$0000000C      0x00000142   Section        0  libshutdown2.o(.ARM.Collect$$libshutdown$$0000000C)
    .ARM.Collect$$libshutdown$$0000000F      0x00000142   Section        0  libshutdown2.o(.ARM.Collect$$libshutdown$$0000000F)
    .ARM.Collect$$libshutdown$$00000010      0x00000142   Section        2  libshutdown2.o(.ARM.Collect$$libshutdown$$00000010)
    .ARM.Collect$$rtentry$$00000000          0x00000144   Section        0  __rtentry.o(.ARM.Collect$$rtentry$$00000000)
    .ARM.Collect$$rtentry$$00000002          0x00000144   Section        0  __rtentry2.o(.ARM.Collect$$rtentry$$00000002)
    .ARM.Collect$$rtentry$$00000004          0x00000144   Section        6  __rtentry4.o(.ARM.Collect$$rtentry$$00000004)
    .ARM.Collect$$rtentry$$00000009          0x0000014a   Section        0  __rtentry2.o(.ARM.Collect$$rtentry$$00000009)
    .ARM.Collect$$rtentry$$0000000A          0x0000014a   Section        4  __rtentry2.o(.ARM.Collect$$rtentry$$0000000A)
    .ARM.Collect$$rtentry$$0000000C          0x0000014e   Section        0  __rtentry2.o(.ARM.Collect$$rtentry$$0000000C)
    .ARM.Collect$$rtentry$$0000000D          0x0000014e   Section        8  __rtentry2.o(.ARM.Collect$$rtentry$$0000000D)
    .ARM.Collect$$rtexit$$00000000           0x00000156   Section        2  rtexit.o(.ARM.Collect$$rtexit$$00000000)
    .ARM.Collect$$rtexit$$00000002           0x00000158   Section        0  rtexit2.o(.ARM.Collect$$rtexit$$00000002)
    .ARM.Collect$$rtexit$$00000003           0x00000158   Section        4  rtexit2.o(.ARM.Collect$$rtexit$$00000003)
    .ARM.Collect$$rtexit$$00000004           0x0000015c   Section        6  rtexit2.o(.ARM.Collect$$rtexit$$00000004)
    .emb_text                                0x00000164   Section       56  rt_memcpy.o(.emb_text)
    .text                                    0x0000019c   Section       44  startup_sn32f700b.o(.text)
    .text                                    0x000001c8   Section        0  rt_memcpy.o(.text)
    .text                                    0x0000024a   Section      346  aeabi_sdiv.o(.text)
    .text                                    0x000003a4   Section        0  heapauxi.o(.text)
    .text                                    0x000003aa   Section       62  sys_stackheap_outer.o(.text)
    .text                                    0x000003e8   Section        0  exit.o(.text)
    .text                                    0x000003f8   Section        8  libspace.o(.text)
    .text                                    0x00000400   Section        0  sys_exit.o(.text)
    .text                                    0x0000040c   Section        2  use_no_semi.o(.text)
    .text                                    0x0000040e   Section        0  indicate_semi.o(.text)
    i.CT16B0_IRQHandler                      0x00000410   Section        0  ct16b0.o(i.CT16B0_IRQHandler)
    i.CT16B1_IRQHandler                      0x0000042c   Section        0  ct16b1.o(i.CT16B1_IRQHandler)
    i.CT16B1_Init                            0x0000044c   Section        0  ct16b1.o(i.CT16B1_Init)
    i.CT16B1_NvicEnable                      0x000004a4   Section        0  ct16b1.o(i.CT16B1_NvicEnable)
    i.CT16B2_IRQHandler                      0x000004c8   Section        0  ct16b2.o(i.CT16B2_IRQHandler)
    i.CT16B2_Init                            0x00000510   Section        0  ct16b2.o(i.CT16B2_Init)
    i.CT16B2_NvicEnable                      0x00000528   Section        0  ct16b2.o(i.CT16B2_NvicEnable)
    i.Dimmer_Save_Prmtr                      0x00000564   Section        0  userapp.o(i.Dimmer_Save_Prmtr)
    i.FLASH_ProgramPage                      0x00000590   Section        0  flash.o(i.FLASH_ProgramPage)
    i.FLASH_Read_Data                        0x00000620   Section        0  flash.o(i.FLASH_Read_Data)
    i.Fade_Process                           0x00000638   Section        0  userapp.o(i.Fade_Process)
    i.GPIO_Clr                               0x00000708   Section        0  gpio.o(i.GPIO_Clr)
    i.GPIO_Config                            0x00000770   Section        0  gpio.o(i.GPIO_Config)
    i.GPIO_Init                              0x00000818   Section        0  gpio.o(i.GPIO_Init)
    i.GPIO_IntClr                            0x000009c8   Section        0  gpio.o(i.GPIO_IntClr)
    i.GPIO_IntStatus                         0x00000a18   Section        0  gpio.o(i.GPIO_IntStatus)
    i.GPIO_Interrupt                         0x00000a70   Section        0  gpio.o(i.GPIO_Interrupt)
    i.GPIO_Mode                              0x00000b8c   Section        0  gpio.o(i.GPIO_Mode)
    i.GPIO_P0Trigger                         0x00000c2c   Section        0  gpio.o(i.GPIO_P0Trigger)
    i.GPIO_P1Trigger                         0x00000c7c   Section        0  gpio.o(i.GPIO_P1Trigger)
    i.GPIO_P2Trigger                         0x00000ccc   Section        0  gpio.o(i.GPIO_P2Trigger)
    i.GPIO_P3Trigger                         0x00000d1c   Section        0  gpio.o(i.GPIO_P3Trigger)
    i.GPIO_Set                               0x00000d6c   Section        0  gpio.o(i.GPIO_Set)
    i.HardFault_Handler                      0x00000dd4   Section        0  main.o(i.HardFault_Handler)
    i.Key_Add_LongPress_Down_Handle          0x00000e0c   Section        0  userapp.o(i.Key_Add_LongPress_Down_Handle)
    Key_Add_LongPress_Down_Handle            0x00000e0d   Thumb Code   186  userapp.o(i.Key_Add_LongPress_Down_Handle)
    i.Key_Add_LongPress_Up_Handle            0x00000ee4   Section        0  userapp.o(i.Key_Add_LongPress_Up_Handle)
    Key_Add_LongPress_Up_Handle              0x00000ee5   Thumb Code    16  userapp.o(i.Key_Add_LongPress_Up_Handle)
    i.Key_Add_ShortPress_Handle              0x00000f00   Section        0  userapp.o(i.Key_Add_ShortPress_Handle)
    Key_Add_ShortPress_Handle                0x00000f01   Thumb Code   422  userapp.o(i.Key_Add_ShortPress_Handle)
    i.Key_Check                              0x000010c0   Section        0  userapp.o(i.Key_Check)
    Key_Check                                0x000010c1   Thumb Code   760  userapp.o(i.Key_Check)
    i.Key_Dec_LongPress_Down_Handle          0x000013f0   Section        0  userapp.o(i.Key_Dec_LongPress_Down_Handle)
    Key_Dec_LongPress_Down_Handle            0x000013f1   Thumb Code   172  userapp.o(i.Key_Dec_LongPress_Down_Handle)
    i.Key_Dec_LongPress_Up_Handle            0x000014b8   Section        0  userapp.o(i.Key_Dec_LongPress_Up_Handle)
    Key_Dec_LongPress_Up_Handle              0x000014b9   Thumb Code    16  userapp.o(i.Key_Dec_LongPress_Up_Handle)
    i.Key_Dec_ShortPress_Handle              0x000014d4   Section        0  userapp.o(i.Key_Dec_ShortPress_Handle)
    Key_Dec_ShortPress_Handle                0x000014d5   Thumb Code   432  userapp.o(i.Key_Dec_ShortPress_Handle)
    i.Key_Power_LongPress_Handle             0x000016a0   Section        0  userapp.o(i.Key_Power_LongPress_Handle)
    Key_Power_LongPress_Handle               0x000016a1   Thumb Code    48  userapp.o(i.Key_Power_LongPress_Handle)
    i.Key_Power_ShortPress_Handle            0x000016e8   Section        0  userapp.o(i.Key_Power_ShortPress_Handle)
    Key_Power_ShortPress_Handle              0x000016e9   Thumb Code   188  userapp.o(i.Key_Power_ShortPress_Handle)
    i.Key_Process                            0x000017c4   Section        0  userapp.o(i.Key_Process)
    i.Key_Scan                               0x00001928   Section        0  userapp.o(i.Key_Scan)
    Key_Scan                                 0x00001929   Thumb Code    52  userapp.o(i.Key_Scan)
    i.LVD_IRQHandler                         0x00001964   Section        0  sys_con_drive.o(i.LVD_IRQHandler)
    i.MN_CT16B1_Init                         0x00001978   Section        0  ct16b1.o(i.MN_CT16B1_Init)
    i.MN_CT16B2_Init                         0x00001980   Section        0  ct16b2.o(i.MN_CT16B2_Init)
    i.NotPinOut_GPIO_init                    0x000019d4   Section        0  main.o(i.NotPinOut_GPIO_init)
    i.P0_IRQHandler                          0x000019d8   Section        0  gpio.o(i.P0_IRQHandler)
    i.P1_IRQHandler                          0x00001a74   Section        0  gpio.o(i.P1_IRQHandler)
    i.P2_IRQHandler                          0x00001afc   Section        0  gpio.o(i.P2_IRQHandler)
    i.P3_IRQHandler                          0x00001b9c   Section        0  gpio.o(i.P3_IRQHandler)
    i.PMU_Setting                            0x00001c30   Section        0  pmu_drive.o(i.PMU_Setting)
    i.Queue_Read_Byte                        0x00001c44   Section        0  system.o(i.Queue_Read_Byte)
    i.Read_Parameter                         0x00001c80   Section        0  main.o(i.Read_Parameter)
    Read_Parameter                           0x00001c81   Thumb Code    82  main.o(i.Read_Parameter)
    i.SetTimeout_Process                     0x00001cd8   Section        0  userapp.o(i.SetTimeout_Process)
    i.SysTick_Handler                        0x00001dd4   Section        0  systick.o(i.SysTick_Handler)
    i.SysTick_Init                           0x00002088   Section        0  systick.o(i.SysTick_Init)
    i.SystemCoreClockUpdate                  0x000020b4   Section        0  system_sn32f700b.o(i.SystemCoreClockUpdate)
    i.SystemInit                             0x000021a8   Section        0  system_sn32f700b.o(i.SystemInit)
    i.UART0_IRQHandler                       0x000021c8   Section        0  uart0.o(i.UART0_IRQHandler)
    i.UART0_Init                             0x0000228c   Section        0  uart0.o(i.UART0_Init)
    i.UART0_InterruptEnable                  0x000022ec   Section        0  uart0.o(i.UART0_InterruptEnable)
    i.UART0_SendByte                         0x000022fc   Section        0  uart0.o(i.UART0_SendByte)
    i.UART1_IRQHandler                       0x00002314   Section        0  uart1.o(i.UART1_IRQHandler)
    i.UART1_SendByte                         0x000023dc   Section        0  uart1.o(i.UART1_SendByte)
    i.UT_DelayNms                            0x000023f4   Section        0  utility.o(i.UT_DelayNms)
    i.UT_DelayNx10us                         0x00002418   Section        0  utility.o(i.UT_DelayNx10us)
    i.UartB_ReceiveData                      0x00002428   Section        0  userapp.o(i.UartB_ReceiveData)
    i.UartB_SendData                         0x000024ac   Section        0  userapp.o(i.UartB_SendData)
    i.UartB_Write_Data                       0x000024e4   Section        0  userapp.o(i.UartB_Write_Data)
    i.WDT_IRQHandler                         0x00002520   Section        0  wdt.o(i.WDT_IRQHandler)
    i.WDT_ReloadValue                        0x00002544   Section        0  wdt.o(i.WDT_ReloadValue)
    i.ZCD_Process                            0x00002564   Section        0  userapp.o(i.ZCD_Process)
    i.__ARM_common_switch8                   0x00002694   Section        0  main.o(i.__ARM_common_switch8)
    i.__NVIC_ClearPendingIRQ                 0x000026b0   Section        0  ct16b1.o(i.__NVIC_ClearPendingIRQ)
    __NVIC_ClearPendingIRQ                   0x000026b1   Thumb Code    18  ct16b1.o(i.__NVIC_ClearPendingIRQ)
    i.__NVIC_ClearPendingIRQ                 0x000026c8   Section        0  gpio.o(i.__NVIC_ClearPendingIRQ)
    __NVIC_ClearPendingIRQ                   0x000026c9   Thumb Code    18  gpio.o(i.__NVIC_ClearPendingIRQ)
    i.__NVIC_EnableIRQ                       0x000026e0   Section        0  gpio.o(i.__NVIC_EnableIRQ)
    __NVIC_EnableIRQ                         0x000026e1   Thumb Code    18  gpio.o(i.__NVIC_EnableIRQ)
    i.__NVIC_SetPriority                     0x000026f8   Section        0  ct16b1.o(i.__NVIC_SetPriority)
    __NVIC_SetPriority                       0x000026f9   Thumb Code   110  ct16b1.o(i.__NVIC_SetPriority)
    i.__NVIC_SetPriority                     0x00002770   Section        0  ct16b2.o(i.__NVIC_SetPriority)
    __NVIC_SetPriority                       0x00002771   Thumb Code   110  ct16b2.o(i.__NVIC_SetPriority)
    i.__NVIC_SetPriority                     0x000027e8   Section        0  gpio.o(i.__NVIC_SetPriority)
    __NVIC_SetPriority                       0x000027e9   Thumb Code   110  gpio.o(i.__NVIC_SetPriority)
    i.all_data_update                        0x00002860   Section        0  protocol.o(i.all_data_update)
    i.byte_to_int                            0x00002890   Section        0  mcu_api.o(i.byte_to_int)
    i.data_handle                            0x000028ac   Section        0  system.o(i.data_handle)
    i.data_point_handle                      0x00002984   Section        0  system.o(i.data_point_handle)
    data_point_handle                        0x00002985   Thumb Code    60  system.o(i.data_point_handle)
    i.dp_download_bright_value_1_handle      0x000029c4   Section        0  protocol.o(i.dp_download_bright_value_1_handle)
    dp_download_bright_value_1_handle        0x000029c5   Thumb Code    94  protocol.o(i.dp_download_bright_value_1_handle)
    i.dp_download_brightness_min_1_handle    0x00002a2c   Section        0  protocol.o(i.dp_download_brightness_min_1_handle)
    dp_download_brightness_min_1_handle      0x00002a2d   Thumb Code    94  protocol.o(i.dp_download_brightness_min_1_handle)
    i.dp_download_handle                     0x00002a94   Section        0  protocol.o(i.dp_download_handle)
    i.dp_download_led_type_1_handle          0x00002ae8   Section        0  protocol.o(i.dp_download_led_type_1_handle)
    dp_download_led_type_1_handle            0x00002ae9   Thumb Code    68  protocol.o(i.dp_download_led_type_1_handle)
    i.dp_download_switch_led_1_handle        0x00002b30   Section        0  protocol.o(i.dp_download_switch_led_1_handle)
    dp_download_switch_led_1_handle          0x00002b31   Thumb Code   174  protocol.o(i.dp_download_switch_led_1_handle)
    i.filter_data                            0x00002bfc   Section        0  userapp.o(i.filter_data)
    i.get_check_sum                          0x00002c58   Section        0  system.o(i.get_check_sum)
    i.get_dowmload_dpid_index                0x00002c74   Section        0  system.o(i.get_dowmload_dpid_index)
    get_dowmload_dpid_index                  0x00002c75   Thumb Code    40  system.o(i.get_dowmload_dpid_index)
    i.get_download_cmd_total                 0x00002ca0   Section        0  protocol.o(i.get_download_cmd_total)
    i.get_mcu_wifi_mode                      0x00002ca4   Section        0  system.o(i.get_mcu_wifi_mode)
    get_mcu_wifi_mode                        0x00002ca5   Thumb Code    14  system.o(i.get_mcu_wifi_mode)
    i.get_queue_total_data                   0x00002cb4   Section        0  system.o(i.get_queue_total_data)
    i.heat_beat_check                        0x00002cd0   Section        0  system.o(i.heat_beat_check)
    heat_beat_check                          0x00002cd1   Thumb Code    50  system.o(i.heat_beat_check)
    i.main                                   0x00002d08   Section        0  main.o(i.main)
    i.mcu_dp_bool_update                     0x00002dd8   Section        0  mcu_api.o(i.mcu_dp_bool_update)
    i.mcu_dp_enum_update                     0x00002e3c   Section        0  mcu_api.o(i.mcu_dp_enum_update)
    i.mcu_dp_value_update                    0x00002e90   Section        0  mcu_api.o(i.mcu_dp_value_update)
    i.mcu_get_dp_download_bool               0x00002f08   Section        0  mcu_api.o(i.mcu_get_dp_download_bool)
    i.mcu_get_dp_download_enum               0x00002f0e   Section        0  mcu_api.o(i.mcu_get_dp_download_enum)
    i.mcu_get_dp_download_value              0x00002f14   Section        0  mcu_api.o(i.mcu_get_dp_download_value)
    i.mcu_get_wifi_work_state                0x00002f24   Section        0  mcu_api.o(i.mcu_get_wifi_work_state)
    i.mcu_reset_wifi                         0x00002f30   Section        0  mcu_api.o(i.mcu_reset_wifi)
    i.my_memcpy                              0x00002f48   Section        0  mcu_api.o(i.my_memcpy)
    i.my_strlen                              0x00002f94   Section        0  mcu_api.o(i.my_strlen)
    i.product_info_update                    0x00002fb0   Section        0  system.o(i.product_info_update)
    product_info_update                      0x00002fb1   Thumb Code   154  system.o(i.product_info_update)
    i.set_wifi_uart_buffer                   0x00003088   Section        0  system.o(i.set_wifi_uart_buffer)
    i.set_wifi_uart_byte                     0x000030ac   Section        0  system.o(i.set_wifi_uart_byte)
    i.system_factory_default                 0x000030bc   Section        0  userapp.o(i.system_factory_default)
    system_factory_default                   0x000030bd   Thumb Code    76  userapp.o(i.system_factory_default)
    i.uart_receive_input                     0x00003114   Section        0  mcu_api.o(i.uart_receive_input)
    i.uart_transmit_output                   0x0000316c   Section        0  protocol.o(i.uart_transmit_output)
    i.wifi_protocol_init                     0x00003178   Section        0  mcu_api.o(i.wifi_protocol_init)
    i.wifi_test_result                       0x0000319c   Section        0  protocol.o(i.wifi_test_result)
    i.wifi_uart_service                      0x000031a8   Section        0  mcu_api.o(i.wifi_uart_service)
    i.wifi_uart_write_data                   0x00003298   Section        0  system.o(i.wifi_uart_write_data)
    wifi_uart_write_data                     0x00003299   Thumb Code    40  system.o(i.wifi_uart_write_data)
    i.wifi_uart_write_frame                  0x000032c0   Section        0  system.o(i.wifi_uart_write_frame)
    .constdata                               0x00003304   Section        8  protocol.o(.constdata)
    .data                                    0x20000000   Section        2  main.o(.data)
    .data                                    0x20000004   Section       88  userapp.o(.data)
    keyPower                                 0x20000056   Data           1  userapp.o(.data)
    keyDimUp                                 0x20000057   Data           1  userapp.o(.data)
    keyDimDown                               0x20000058   Data           1  userapp.o(.data)
    keyPower_Val                             0x20000059   Data           1  userapp.o(.data)
    keyDimUp_Val                             0x2000005a   Data           1  userapp.o(.data)
    keyDimDown_Val                           0x2000005b   Data           1  userapp.o(.data)
    .data                                    0x2000005c   Section        8  ct16b1.o(.data)
    .data                                    0x20000064   Section        4  ct16b2.o(.data)
    .data                                    0x20000068   Section        2  gpio.o(.data)
    .data                                    0x2000006c   Section       29  systick.o(.data)
    ledFlashStep                             0x2000006c   Data           1  systick.o(.data)
    cnt_10ms                                 0x20000078   Data           4  systick.o(.data)
    SysTickCount                             0x2000007c   Data           4  systick.o(.data)
    Timer0_Count                             0x20000080   Data           4  systick.o(.data)
    Timer0_Value                             0x20000084   Data           4  systick.o(.data)
    ResetWifiFlag                            0x20000088   Data           1  systick.o(.data)
    .data                                    0x2000008a   Section        2  mcu_api.o(.data)
    rx_in                                    0x2000008a   Data           2  mcu_api.o(.data)
    .data                                    0x2000008c   Section       15  system.o(.data)
    mcu_reset_state                          0x2000009a   Data           1  system.o(.data)
    .data                                    0x2000009c   Section        4  system_sn32f700b.o(.data)
    .bss                                     0x200000a0   Section       30  userapp.o(.bss)
    .bss                                     0x200000be   Section      109  system.o(.bss)
    .bss                                     0x2000012c   Section       96  libspace.o(.bss)
    HEAP                                     0x20000190   Section        0  startup_sn32f700b.o(HEAP)
    STACK                                    0x20000190   Section      512  startup_sn32f700b.o(STACK)
    Heap_Mem                                 0x20000190   Data           0  startup_sn32f700b.o(HEAP)
    Stack_Mem                                0x20000190   Data         512  startup_sn32f700b.o(STACK)
    __initial_sp                             0x20000390   Data           0  startup_sn32f700b.o(STACK)

    Global Symbols

    Symbol Name                              Value     Ov Type        Size  Object(Section)

    BuildAttributes$$THM_ISAv3M$S$PE$A:L22$X:L11$S22$IEEE1$IW$USESV6$~STKCKD$USESV7$~SHL$OSPACE$ROPI$EBA8$UX$STANDARDLIB$REQ8$PRES8$EABIv2 0x00000000   Number         0  anon$$obj.o ABSOLUTE
    __ARM_use_no_argv                        0x00000000   Number         0  main.o ABSOLUTE
    __Vectors                                0x00000000   Data           4  startup_sn32f700b.o(RESET)
    __ARM_exceptions_init                     - Undefined Weak Reference
    __alloca_initialize                       - Undefined Weak Reference
    __arm_preinit_                            - Undefined Weak Reference
    __cpp_initialize__aeabi_                  - Undefined Weak Reference
    __cxa_finalize                            - Undefined Weak Reference
    __rt_locale                               - Undefined Weak Reference
    __sigvec_lookup                           - Undefined Weak Reference
    _atexit_init                              - Undefined Weak Reference
    _call_atexit_fns                          - Undefined Weak Reference
    _clock_init                               - Undefined Weak Reference
    _fp_trap_init                             - Undefined Weak Reference
    _fp_trap_shutdown                         - Undefined Weak Reference
    _get_lc_collate                           - Undefined Weak Reference
    _get_lc_ctype                             - Undefined Weak Reference
    _get_lc_monetary                          - Undefined Weak Reference
    _get_lc_numeric                           - Undefined Weak Reference
    _get_lc_time                              - Undefined Weak Reference
    _getenv_init                              - Undefined Weak Reference
    _handle_redirection                       - Undefined Weak Reference
    _init_alloc                               - Undefined Weak Reference
    _init_user_alloc                          - Undefined Weak Reference
    _initio                                   - Undefined Weak Reference
    _rand_init                                - Undefined Weak Reference
    _signal_finish                            - Undefined Weak Reference
    _signal_init                              - Undefined Weak Reference
    _terminate_alloc                          - Undefined Weak Reference
    _terminate_user_alloc                     - Undefined Weak Reference
    _terminateio                              - Undefined Weak Reference
    __main                                   0x000000c1   Thumb Code     8  __main.o(!!!main)
    __scatterload                            0x000000c9   Thumb Code     0  __scatter.o(!!!scatter)
    __scatterload_rt2                        0x000000c9   Thumb Code    52  __scatter.o(!!!scatter)
    __scatterload_rt2_thumb_only             0x000000c9   Thumb Code     0  __scatter.o(!!!scatter)
    __scatterload_null                       0x000000d9   Thumb Code     0  __scatter.o(!!!scatter)
    __scatterload_copy                       0x00000105   Thumb Code    26  __scatter_copy.o(!!handler_copy)
    __scatterload_zeroinit                   0x00000121   Thumb Code    28  __scatter_zi.o(!!handler_zi)
    __rt_lib_init                            0x0000013d   Thumb Code     0  libinit.o(.ARM.Collect$$libinit$$00000000)
    __rt_lib_init_alloca_1                   0x0000013f   Thumb Code     0  libinit2.o(.ARM.Collect$$libinit$$0000002E)
    __rt_lib_init_argv_1                     0x0000013f   Thumb Code     0  libinit2.o(.ARM.Collect$$libinit$$0000002C)
    __rt_lib_init_atexit_1                   0x0000013f   Thumb Code     0  libinit2.o(.ARM.Collect$$libinit$$0000001B)
    __rt_lib_init_clock_1                    0x0000013f   Thumb Code     0  libinit2.o(.ARM.Collect$$libinit$$00000021)
    __rt_lib_init_cpp_1                      0x0000013f   Thumb Code     0  libinit2.o(.ARM.Collect$$libinit$$00000032)
    __rt_lib_init_exceptions_1               0x0000013f   Thumb Code     0  libinit2.o(.ARM.Collect$$libinit$$00000030)
    __rt_lib_init_fp_1                       0x0000013f   Thumb Code     0  libinit2.o(.ARM.Collect$$libinit$$00000002)
    __rt_lib_init_fp_trap_1                  0x0000013f   Thumb Code     0  libinit2.o(.ARM.Collect$$libinit$$0000001F)
    __rt_lib_init_getenv_1                   0x0000013f   Thumb Code     0  libinit2.o(.ARM.Collect$$libinit$$00000023)
    __rt_lib_init_heap_1                     0x0000013f   Thumb Code     0  libinit2.o(.ARM.Collect$$libinit$$0000000A)
    __rt_lib_init_lc_collate_1               0x0000013f   Thumb Code     0  libinit2.o(.ARM.Collect$$libinit$$00000011)
    __rt_lib_init_lc_ctype_1                 0x0000013f   Thumb Code     0  libinit2.o(.ARM.Collect$$libinit$$00000013)
    __rt_lib_init_lc_monetary_1              0x0000013f   Thumb Code     0  libinit2.o(.ARM.Collect$$libinit$$00000015)
    __rt_lib_init_lc_numeric_1               0x0000013f   Thumb Code     0  libinit2.o(.ARM.Collect$$libinit$$00000017)
    __rt_lib_init_lc_time_1                  0x0000013f   Thumb Code     0  libinit2.o(.ARM.Collect$$libinit$$00000019)
    __rt_lib_init_preinit_1                  0x0000013f   Thumb Code     0  libinit2.o(.ARM.Collect$$libinit$$00000004)
    __rt_lib_init_rand_1                     0x0000013f   Thumb Code     0  libinit2.o(.ARM.Collect$$libinit$$0000000E)
    __rt_lib_init_return                     0x0000013f   Thumb Code     0  libinit2.o(.ARM.Collect$$libinit$$00000033)
    __rt_lib_init_signal_1                   0x0000013f   Thumb Code     0  libinit2.o(.ARM.Collect$$libinit$$0000001D)
    __rt_lib_init_stdio_1                    0x0000013f   Thumb Code     0  libinit2.o(.ARM.Collect$$libinit$$00000025)
    __rt_lib_init_user_alloc_1               0x0000013f   Thumb Code     0  libinit2.o(.ARM.Collect$$libinit$$0000000C)
    __rt_lib_shutdown                        0x00000141   Thumb Code     0  libshutdown.o(.ARM.Collect$$libshutdown$$00000000)
    __rt_lib_shutdown_cpp_1                  0x00000143   Thumb Code     0  libshutdown2.o(.ARM.Collect$$libshutdown$$00000002)
    __rt_lib_shutdown_fp_trap_1              0x00000143   Thumb Code     0  libshutdown2.o(.ARM.Collect$$libshutdown$$00000007)
    __rt_lib_shutdown_heap_1                 0x00000143   Thumb Code     0  libshutdown2.o(.ARM.Collect$$libshutdown$$0000000F)
    __rt_lib_shutdown_return                 0x00000143   Thumb Code     0  libshutdown2.o(.ARM.Collect$$libshutdown$$00000010)
    __rt_lib_shutdown_signal_1               0x00000143   Thumb Code     0  libshutdown2.o(.ARM.Collect$$libshutdown$$0000000A)
    __rt_lib_shutdown_stdio_1                0x00000143   Thumb Code     0  libshutdown2.o(.ARM.Collect$$libshutdown$$00000004)
    __rt_lib_shutdown_user_alloc_1           0x00000143   Thumb Code     0  libshutdown2.o(.ARM.Collect$$libshutdown$$0000000C)
    __rt_entry                               0x00000145   Thumb Code     0  __rtentry.o(.ARM.Collect$$rtentry$$00000000)
    __rt_entry_presh_1                       0x00000145   Thumb Code     0  __rtentry2.o(.ARM.Collect$$rtentry$$00000002)
    __rt_entry_sh                            0x00000145   Thumb Code     0  __rtentry4.o(.ARM.Collect$$rtentry$$00000004)
    __rt_entry_li                            0x0000014b   Thumb Code     0  __rtentry2.o(.ARM.Collect$$rtentry$$0000000A)
    __rt_entry_postsh_1                      0x0000014b   Thumb Code     0  __rtentry2.o(.ARM.Collect$$rtentry$$00000009)
    __rt_entry_main                          0x0000014f   Thumb Code     0  __rtentry2.o(.ARM.Collect$$rtentry$$0000000D)
    __rt_entry_postli_1                      0x0000014f   Thumb Code     0  __rtentry2.o(.ARM.Collect$$rtentry$$0000000C)
    __rt_exit                                0x00000157   Thumb Code     0  rtexit.o(.ARM.Collect$$rtexit$$00000000)
    __rt_exit_ls                             0x00000159   Thumb Code     0  rtexit2.o(.ARM.Collect$$rtexit$$00000003)
    __rt_exit_prels_1                        0x00000159   Thumb Code     0  rtexit2.o(.ARM.Collect$$rtexit$$00000002)
    __rt_exit_exit                           0x0000015d   Thumb Code     0  rtexit2.o(.ARM.Collect$$rtexit$$00000004)
    __aeabi_memcpy4                          0x00000165   Thumb Code    56  rt_memcpy.o(.emb_text)
    __aeabi_memcpy8                          0x00000165   Thumb Code     0  rt_memcpy.o(.emb_text)
    Reset_Handler                            0x0000019d   Thumb Code     4  startup_sn32f700b.o(.text)
    NMI_Handler                              0x000001a1   Thumb Code     2  startup_sn32f700b.o(.text)
    SVC_Handler                              0x000001a5   Thumb Code     2  startup_sn32f700b.o(.text)
    PendSV_Handler                           0x000001a7   Thumb Code     2  startup_sn32f700b.o(.text)
    ADC_IRQHandler                           0x000001ab   Thumb Code     0  startup_sn32f700b.o(.text)
    CMP0_IRQHandler                          0x000001ab   Thumb Code     0  startup_sn32f700b.o(.text)
    CMP1_IRQHandler                          0x000001ab   Thumb Code     0  startup_sn32f700b.o(.text)
    I2C0_IRQHandler                          0x000001ab   Thumb Code     0  startup_sn32f700b.o(.text)
    NDT_IRQHandler                           0x000001ab   Thumb Code     0  startup_sn32f700b.o(.text)
    RTC_IRQHandler                           0x000001ab   Thumb Code     0  startup_sn32f700b.o(.text)
    SPI0_IRQHandler                          0x000001ab   Thumb Code     0  startup_sn32f700b.o(.text)
    __user_initial_stackheap                 0x000001ad   Thumb Code     0  startup_sn32f700b.o(.text)
    __aeabi_memcpy                           0x000001c9   Thumb Code   130  rt_memcpy.o(.text)
    __rt_memcpy                              0x000001c9   Thumb Code     0  rt_memcpy.o(.text)
    __aeabi_uidiv                            0x0000024b   Thumb Code     0  aeabi_sdiv.o(.text)
    __aeabi_uidivmod                         0x0000024b   Thumb Code    20  aeabi_sdiv.o(.text)
    __aeabi_idiv                             0x0000025f   Thumb Code     0  aeabi_sdiv.o(.text)
    __aeabi_idivmod                          0x0000025f   Thumb Code   326  aeabi_sdiv.o(.text)
    __use_two_region_memory                  0x000003a5   Thumb Code     2  heapauxi.o(.text)
    __rt_heap_escrow$2region                 0x000003a7   Thumb Code     2  heapauxi.o(.text)
    __rt_heap_expand$2region                 0x000003a9   Thumb Code     2  heapauxi.o(.text)
    __user_setup_stackheap                   0x000003ab   Thumb Code    62  sys_stackheap_outer.o(.text)
    exit                                     0x000003e9   Thumb Code    16  exit.o(.text)
    __user_libspace                          0x000003f9   Thumb Code     8  libspace.o(.text)
    __user_perproc_libspace                  0x000003f9   Thumb Code     0  libspace.o(.text)
    __user_perthread_libspace                0x000003f9   Thumb Code     0  libspace.o(.text)
    _sys_exit                                0x00000401   Thumb Code     8  sys_exit.o(.text)
    __I$use$semihosting                      0x0000040d   Thumb Code     0  use_no_semi.o(.text)
    __use_no_semihosting_swi                 0x0000040d   Thumb Code     2  use_no_semi.o(.text)
    __semihosting_library_function           0x0000040f   Thumb Code     0  indicate_semi.o(.text)
    CT16B0_IRQHandler                        0x00000411   Thumb Code    20  ct16b0.o(i.CT16B0_IRQHandler)
    CT16B1_IRQHandler                        0x0000042d   Thumb Code    18  ct16b1.o(i.CT16B1_IRQHandler)
    CT16B1_Init                              0x0000044d   Thumb Code    78  ct16b1.o(i.CT16B1_Init)
    CT16B1_NvicEnable                        0x000004a5   Thumb Code    30  ct16b1.o(i.CT16B1_NvicEnable)
    CT16B2_IRQHandler                        0x000004c9   Thumb Code    54  ct16b2.o(i.CT16B2_IRQHandler)
    CT16B2_Init                              0x00000511   Thumb Code    18  ct16b2.o(i.CT16B2_Init)
    CT16B2_NvicEnable                        0x00000529   Thumb Code    52  ct16b2.o(i.CT16B2_NvicEnable)
    Dimmer_Save_Prmtr                        0x00000565   Thumb Code    38  userapp.o(i.Dimmer_Save_Prmtr)
    FLASH_ProgramPage                        0x00000591   Thumb Code   138  flash.o(i.FLASH_ProgramPage)
    FLASH_Read_Data                          0x00000621   Thumb Code    22  flash.o(i.FLASH_Read_Data)
    Fade_Process                             0x00000639   Thumb Code   176  userapp.o(i.Fade_Process)
    GPIO_Clr                                 0x00000709   Thumb Code    88  gpio.o(i.GPIO_Clr)
    GPIO_Config                              0x00000771   Thumb Code   150  gpio.o(i.GPIO_Config)
    GPIO_Init                                0x00000819   Thumb Code   398  gpio.o(i.GPIO_Init)
    GPIO_IntClr                              0x000009c9   Thumb Code    64  gpio.o(i.GPIO_IntClr)
    GPIO_IntStatus                           0x00000a19   Thumb Code    72  gpio.o(i.GPIO_IntStatus)
    GPIO_Interrupt                           0x00000a71   Thumb Code   258  gpio.o(i.GPIO_Interrupt)
    GPIO_Mode                                0x00000b8d   Thumb Code   142  gpio.o(i.GPIO_Mode)
    GPIO_P0Trigger                           0x00000c2d   Thumb Code    76  gpio.o(i.GPIO_P0Trigger)
    GPIO_P1Trigger                           0x00000c7d   Thumb Code    76  gpio.o(i.GPIO_P1Trigger)
    GPIO_P2Trigger                           0x00000ccd   Thumb Code    76  gpio.o(i.GPIO_P2Trigger)
    GPIO_P3Trigger                           0x00000d1d   Thumb Code    76  gpio.o(i.GPIO_P3Trigger)
    GPIO_Set                                 0x00000d6d   Thumb Code    88  gpio.o(i.GPIO_Set)
    HardFault_Handler                        0x00000dd5   Thumb Code    48  main.o(i.HardFault_Handler)
    Key_Process                              0x000017c5   Thumb Code   290  userapp.o(i.Key_Process)
    LVD_IRQHandler                           0x00001965   Thumb Code    14  sys_con_drive.o(i.LVD_IRQHandler)
    MN_CT16B1_Init                           0x00001979   Thumb Code     8  ct16b1.o(i.MN_CT16B1_Init)
    MN_CT16B2_Init                           0x00001981   Thumb Code    72  ct16b2.o(i.MN_CT16B2_Init)
    NotPinOut_GPIO_init                      0x000019d5   Thumb Code     2  main.o(i.NotPinOut_GPIO_init)
    P0_IRQHandler                            0x000019d9   Thumb Code   148  gpio.o(i.P0_IRQHandler)
    P1_IRQHandler                            0x00001a75   Thumb Code   124  gpio.o(i.P1_IRQHandler)
    P2_IRQHandler                            0x00001afd   Thumb Code   144  gpio.o(i.P2_IRQHandler)
    P3_IRQHandler                            0x00001b9d   Thumb Code   132  gpio.o(i.P3_IRQHandler)
    PMU_Setting                              0x00001c31   Thumb Code    14  pmu_drive.o(i.PMU_Setting)
    Queue_Read_Byte                          0x00001c45   Thumb Code    46  system.o(i.Queue_Read_Byte)
    SetTimeout_Process                       0x00001cd9   Thumb Code   212  userapp.o(i.SetTimeout_Process)
    SysTick_Handler                          0x00001dd5   Thumb Code   592  systick.o(i.SysTick_Handler)
    SysTick_Init                             0x00002089   Thumb Code    34  systick.o(i.SysTick_Init)
    SystemCoreClockUpdate                    0x000020b5   Thumb Code   212  system_sn32f700b.o(i.SystemCoreClockUpdate)
    SystemInit                               0x000021a9   Thumb Code    26  system_sn32f700b.o(i.SystemInit)
    UART0_IRQHandler                         0x000021c9   Thumb Code   192  uart0.o(i.UART0_IRQHandler)
    UART0_Init                               0x0000228d   Thumb Code    82  uart0.o(i.UART0_Init)
    UART0_InterruptEnable                    0x000022ed   Thumb Code     8  uart0.o(i.UART0_InterruptEnable)
    UART0_SendByte                           0x000022fd   Thumb Code    20  uart0.o(i.UART0_SendByte)
    UART1_IRQHandler                         0x00002315   Thumb Code   194  uart1.o(i.UART1_IRQHandler)
    UART1_SendByte                           0x000023dd   Thumb Code    20  uart1.o(i.UART1_SendByte)
    UT_DelayNms                              0x000023f5   Thumb Code    28  utility.o(i.UT_DelayNms)
    UT_DelayNx10us                           0x00002419   Thumb Code    16  utility.o(i.UT_DelayNx10us)
    UartB_ReceiveData                        0x00002429   Thumb Code   104  userapp.o(i.UartB_ReceiveData)
    UartB_SendData                           0x000024ad   Thumb Code    50  userapp.o(i.UartB_SendData)
    UartB_Write_Data                         0x000024e5   Thumb Code    54  userapp.o(i.UartB_Write_Data)
    WDT_IRQHandler                           0x00002521   Thumb Code    24  wdt.o(i.WDT_IRQHandler)
    WDT_ReloadValue                          0x00002545   Thumb Code    18  wdt.o(i.WDT_ReloadValue)
    ZCD_Process                              0x00002565   Thumb Code   246  userapp.o(i.ZCD_Process)
    __ARM_common_switch8                     0x00002695   Thumb Code    28  main.o(i.__ARM_common_switch8)
    all_data_update                          0x00002861   Thumb Code    44  protocol.o(i.all_data_update)
    byte_to_int                              0x00002891   Thumb Code    26  mcu_api.o(i.byte_to_int)
    data_handle                              0x000028ad   Thumb Code   200  system.o(i.data_handle)
    dp_download_handle                       0x00002a95   Thumb Code    82  protocol.o(i.dp_download_handle)
    filter_data                              0x00002bfd   Thumb Code    88  userapp.o(i.filter_data)
    get_check_sum                            0x00002c59   Thumb Code    28  system.o(i.get_check_sum)
    get_download_cmd_total                   0x00002ca1   Thumb Code     4  protocol.o(i.get_download_cmd_total)
    get_queue_total_data                     0x00002cb5   Thumb Code    20  system.o(i.get_queue_total_data)
    main                                     0x00002d09   Thumb Code   188  main.o(i.main)
    mcu_dp_bool_update                       0x00002dd9   Thumb Code    96  mcu_api.o(i.mcu_dp_bool_update)
    mcu_dp_enum_update                       0x00002e3d   Thumb Code    80  mcu_api.o(i.mcu_dp_enum_update)
    mcu_dp_value_update                      0x00002e91   Thumb Code   114  mcu_api.o(i.mcu_dp_value_update)
    mcu_get_dp_download_bool                 0x00002f09   Thumb Code     6  mcu_api.o(i.mcu_get_dp_download_bool)
    mcu_get_dp_download_enum                 0x00002f0f   Thumb Code     6  mcu_api.o(i.mcu_get_dp_download_enum)
    mcu_get_dp_download_value                0x00002f15   Thumb Code    14  mcu_api.o(i.mcu_get_dp_download_value)
    mcu_get_wifi_work_state                  0x00002f25   Thumb Code     6  mcu_api.o(i.mcu_get_wifi_work_state)
    mcu_reset_wifi                           0x00002f31   Thumb Code    18  mcu_api.o(i.mcu_reset_wifi)
    my_memcpy                                0x00002f49   Thumb Code    76  mcu_api.o(i.my_memcpy)
    my_strlen                                0x00002f95   Thumb Code    28  mcu_api.o(i.my_strlen)
    set_wifi_uart_buffer                     0x00003089   Thumb Code    30  system.o(i.set_wifi_uart_buffer)
    set_wifi_uart_byte                       0x000030ad   Thumb Code    12  system.o(i.set_wifi_uart_byte)
    uart_receive_input                       0x00003115   Thumb Code    74  mcu_api.o(i.uart_receive_input)
    uart_transmit_output                     0x0000316d   Thumb Code    12  protocol.o(i.uart_transmit_output)
    wifi_protocol_init                       0x00003179   Thumb Code    18  mcu_api.o(i.wifi_protocol_init)
    wifi_test_result                         0x0000319d   Thumb Code    12  protocol.o(i.wifi_test_result)
    wifi_uart_service                        0x000031a9   Thumb Code   232  mcu_api.o(i.wifi_uart_service)
    wifi_uart_write_frame                    0x000032c1   Thumb Code    64  system.o(i.wifi_uart_write_frame)
    download_cmd                             0x00003304   Data           8  protocol.o(.constdata)
    Region$$Table$$Base                      0x0000330c   Number         0  anon$$obj.o(Region$$Table)
    Region$$Table$$Limit                     0x0000332c   Number         0  anon$$obj.o(Region$$Table)
    PMU_Status                               0x20000000   Data           1  main.o(.data)
    Step_Cnt                                 0x20000001   Data           1  main.o(.data)
    DevMode                                  0x20000004   Data           1  userapp.o(.data)
    Int_Step                                 0x20000005   Data           1  userapp.o(.data)
    key_val                                  0x20000006   Data           1  userapp.o(.data)
    key_time_power                           0x20000008   Data           2  userapp.o(.data)
    key_time_dimup                           0x2000000a   Data           2  userapp.o(.data)
    key_time_dimdown                         0x2000000c   Data           2  userapp.o(.data)
    KeyUpClick                               0x2000000e   Data           1  userapp.o(.data)
    KeyDownClick                             0x2000000f   Data           1  userapp.o(.data)
    workMode                                 0x20000010   Data           1  userapp.o(.data)
    SetFinishFlag                            0x20000011   Data           1  userapp.o(.data)
    angleBackup                              0x20000012   Data           1  userapp.o(.data)
    angleMinBackup                           0x20000014   Data           4  userapp.o(.data)
    brightnessBackup                         0x20000018   Data           4  userapp.o(.data)
    setTimeout                               0x2000001c   Data           2  userapp.o(.data)
    UartRxStep                               0x2000001e   Data           1  userapp.o(.data)
    UartRxLen                                0x2000001f   Data           1  userapp.o(.data)
    ReceiveFinishFlag                        0x20000020   Data           1  userapp.o(.data)
    UartRecvData1                            0x20000021   Data           1  userapp.o(.data)
    UartRecvData2                            0x20000022   Data           1  userapp.o(.data)
    TimeoutMs                                0x20000024   Data           2  userapp.o(.data)
    IsSwitch                                 0x20000026   Data           1  userapp.o(.data)
    NormalSwitch                             0x20000027   Data           1  userapp.o(.data)
    frq_50HZ_Cnt                             0x20000028   Data           2  userapp.o(.data)
    frq_period                               0x2000002a   Data           2  userapp.o(.data)
    backup_frq_peroid                        0x2000002c   Data           2  userapp.o(.data)
    pwm_delay                                0x2000002e   Data           2  userapp.o(.data)
    backup_delay                             0x20000030   Data           2  userapp.o(.data)
    pwm_pulse_width                          0x20000032   Data           2  userapp.o(.data)
    light_angle                              0x20000034   Data           4  userapp.o(.data)
    backup_light_angle                       0x20000038   Data           4  userapp.o(.data)
    peroid_count                             0x2000003c   Data           1  userapp.o(.data)
    brightness_adjust                        0x20000040   Data           4  userapp.o(.data)
    dim_fade_add                             0x20000044   Data           1  userapp.o(.data)
    dim_fade_dec                             0x20000045   Data           1  userapp.o(.data)
    fade_add_count                           0x20000046   Data           1  userapp.o(.data)
    fade_dec_count                           0x20000047   Data           1  userapp.o(.data)
    report_count                             0x20000048   Data           1  userapp.o(.data)
    limit_report_count                       0x20000049   Data           1  userapp.o(.data)
    ledFlashStep                             0x2000004a   Data           1  userapp.o(.data)
    Dim_Flag                                 0x2000004b   Data           1  userapp.o(.data)
    Fre_Cnt_Flag                             0x2000004c   Data           1  userapp.o(.data)
    Fre_Cnt                                  0x2000004d   Data           1  userapp.o(.data)
    frq_tab                                  0x2000004e   Data           6  userapp.o(.data)
    frq_Cnt                                  0x20000054   Data           1  userapp.o(.data)
    stop_heart_1                             0x20000055   Data           1  userapp.o(.data)
    iwCT16B1_IrqEvent                        0x2000005c   Data           4  ct16b1.o(.data)
    Timer1_Value                             0x20000060   Data           4  ct16b1.o(.data)
    iwCT16B2_IrqEvent                        0x20000064   Data           4  ct16b2.o(.data)
    backup_value                             0x20000068   Data           1  gpio.o(.data)
    NL_Flag                                  0x20000069   Data           1  gpio.o(.data)
    timeoutFlag                              0x2000006d   Data           1  systick.o(.data)
    wifi_state                               0x2000006e   Data           1  systick.o(.data)
    UartRxdata                               0x2000006f   Data           1  systick.o(.data)
    KeyProcessFlag                           0x20000070   Data           1  systick.o(.data)
    FadeProcessFlag                          0x20000071   Data           1  systick.o(.data)
    SetTimeoutFlag                           0x20000072   Data           1  systick.o(.data)
    SwitchProcessFlag                        0x20000073   Data           1  systick.o(.data)
    Step_Flag                                0x20000074   Data           1  systick.o(.data)
    queue_in                                 0x2000008c   Data           4  system.o(.data)
    queue_out                                0x20000090   Data           4  system.o(.data)
    stop_update_flag                         0x20000094   Data           1  system.o(.data)
    reset_wifi_flag                          0x20000095   Data           1  system.o(.data)
    set_wifimode_flag                        0x20000096   Data           1  system.o(.data)
    wifi_work_state                          0x20000097   Data           1  system.o(.data)
    firm_size                                0x20000098   Data           2  system.o(.data)
    SystemCoreClock                          0x2000009c   Data           4  system_sn32f700b.o(.data)
    Device_Param                             0x200000a0   Data          20  userapp.o(.bss)
    UartRxBuf                                0x200000b4   Data          10  userapp.o(.bss)
    wifi_data_process_buf                    0x200000be   Data          31  system.o(.bss)
    wifi_uart_rx_buf                         0x200000dd   Data          23  system.o(.bss)
    wifi_uart_tx_buf                         0x200000f4   Data          55  system.o(.bss)
    __libspace_start                         0x2000012c   Data          96  libspace.o(.bss)
    __temporary_stack_top$libspace           0x2000018c   Data           0  libspace.o(.bss)



==============================================================================

Memory Map of the image

  Image Entry point : 0x000000c1

  Load Region LR_IROM1 (Base: 0x00000000, Size: 0x000033cc, Max: 0x00008000, ABSOLUTE)

    Execution Region ER_IROM1 (Exec base: 0x00000000, Load base: 0x00000000, Size: 0x0000332c, Max: 0x00008000, ABSOLUTE)

    Exec Addr    Load Addr    Size         Type   Attr      Idx    E Section Name        Object

    0x00000000   0x00000000   0x000000c0   Data   RO         1357    RESET               startup_sn32f700b.o
    0x000000c0   0x000000c0   0x00000008   Code   RO         1406  * !!!main             c_p.l(__main.o)
    0x000000c8   0x000000c8   0x0000003c   Code   RO         1575    !!!scatter          c_p.l(__scatter.o)
    0x00000104   0x00000104   0x0000001a   Code   RO         1577    !!handler_copy      c_p.l(__scatter_copy.o)
    0x0000011e   0x0000011e   0x00000002   PAD
    0x00000120   0x00000120   0x0000001c   Code   RO         1579    !!handler_zi        c_p.l(__scatter_zi.o)
    0x0000013c   0x0000013c   0x00000002   Code   RO         1444    .ARM.Collect$$libinit$$00000000  c_p.l(libinit.o)
    0x0000013e   0x0000013e   0x00000000   Code   RO         1458    .ARM.Collect$$libinit$$00000002  c_p.l(libinit2.o)
    0x0000013e   0x0000013e   0x00000000   Code   RO         1460    .ARM.Collect$$libinit$$00000004  c_p.l(libinit2.o)
    0x0000013e   0x0000013e   0x00000000   Code   RO         1463    .ARM.Collect$$libinit$$0000000A  c_p.l(libinit2.o)
    0x0000013e   0x0000013e   0x00000000   Code   RO         1465    .ARM.Collect$$libinit$$0000000C  c_p.l(libinit2.o)
    0x0000013e   0x0000013e   0x00000000   Code   RO         1467    .ARM.Collect$$libinit$$0000000E  c_p.l(libinit2.o)
    0x0000013e   0x0000013e   0x00000000   Code   RO         1470    .ARM.Collect$$libinit$$00000011  c_p.l(libinit2.o)
    0x0000013e   0x0000013e   0x00000000   Code   RO         1472    .ARM.Collect$$libinit$$00000013  c_p.l(libinit2.o)
    0x0000013e   0x0000013e   0x00000000   Code   RO         1474    .ARM.Collect$$libinit$$00000015  c_p.l(libinit2.o)
    0x0000013e   0x0000013e   0x00000000   Code   RO         1476    .ARM.Collect$$libinit$$00000017  c_p.l(libinit2.o)
    0x0000013e   0x0000013e   0x00000000   Code   RO         1478    .ARM.Collect$$libinit$$00000019  c_p.l(libinit2.o)
    0x0000013e   0x0000013e   0x00000000   Code   RO         1480    .ARM.Collect$$libinit$$0000001B  c_p.l(libinit2.o)
    0x0000013e   0x0000013e   0x00000000   Code   RO         1482    .ARM.Collect$$libinit$$0000001D  c_p.l(libinit2.o)
    0x0000013e   0x0000013e   0x00000000   Code   RO         1484    .ARM.Collect$$libinit$$0000001F  c_p.l(libinit2.o)
    0x0000013e   0x0000013e   0x00000000   Code   RO         1486    .ARM.Collect$$libinit$$00000021  c_p.l(libinit2.o)
    0x0000013e   0x0000013e   0x00000000   Code   RO         1488    .ARM.Collect$$libinit$$00000023  c_p.l(libinit2.o)
    0x0000013e   0x0000013e   0x00000000   Code   RO         1490    .ARM.Collect$$libinit$$00000025  c_p.l(libinit2.o)
    0x0000013e   0x0000013e   0x00000000   Code   RO         1494    .ARM.Collect$$libinit$$0000002C  c_p.l(libinit2.o)
    0x0000013e   0x0000013e   0x00000000   Code   RO         1496    .ARM.Collect$$libinit$$0000002E  c_p.l(libinit2.o)
    0x0000013e   0x0000013e   0x00000000   Code   RO         1498    .ARM.Collect$$libinit$$00000030  c_p.l(libinit2.o)
    0x0000013e   0x0000013e   0x00000000   Code   RO         1500    .ARM.Collect$$libinit$$00000032  c_p.l(libinit2.o)
    0x0000013e   0x0000013e   0x00000002   Code   RO         1501    .ARM.Collect$$libinit$$00000033  c_p.l(libinit2.o)
    0x00000140   0x00000140   0x00000002   Code   RO         1532    .ARM.Collect$$libshutdown$$00000000  c_p.l(libshutdown.o)
    0x00000142   0x00000142   0x00000000   Code   RO         1558    .ARM.Collect$$libshutdown$$00000002  c_p.l(libshutdown2.o)
    0x00000142   0x00000142   0x00000000   Code   RO         1560    .ARM.Collect$$libshutdown$$00000004  c_p.l(libshutdown2.o)
    0x00000142   0x00000142   0x00000000   Code   RO         1563    .ARM.Collect$$libshutdown$$00000007  c_p.l(libshutdown2.o)
    0x00000142   0x00000142   0x00000000   Code   RO         1566    .ARM.Collect$$libshutdown$$0000000A  c_p.l(libshutdown2.o)
    0x00000142   0x00000142   0x00000000   Code   RO         1568    .ARM.Collect$$libshutdown$$0000000C  c_p.l(libshutdown2.o)
    0x00000142   0x00000142   0x00000000   Code   RO         1571    .ARM.Collect$$libshutdown$$0000000F  c_p.l(libshutdown2.o)
    0x00000142   0x00000142   0x00000002   Code   RO         1572    .ARM.Collect$$libshutdown$$00000010  c_p.l(libshutdown2.o)
    0x00000144   0x00000144   0x00000000   Code   RO         1408    .ARM.Collect$$rtentry$$00000000  c_p.l(__rtentry.o)
    0x00000144   0x00000144   0x00000000   Code   RO         1414    .ARM.Collect$$rtentry$$00000002  c_p.l(__rtentry2.o)
    0x00000144   0x00000144   0x00000006   Code   RO         1426    .ARM.Collect$$rtentry$$00000004  c_p.l(__rtentry4.o)
    0x0000014a   0x0000014a   0x00000000   Code   RO         1416    .ARM.Collect$$rtentry$$00000009  c_p.l(__rtentry2.o)
    0x0000014a   0x0000014a   0x00000004   Code   RO         1417    .ARM.Collect$$rtentry$$0000000A  c_p.l(__rtentry2.o)
    0x0000014e   0x0000014e   0x00000000   Code   RO         1419    .ARM.Collect$$rtentry$$0000000C  c_p.l(__rtentry2.o)
    0x0000014e   0x0000014e   0x00000008   Code   RO         1420    .ARM.Collect$$rtentry$$0000000D  c_p.l(__rtentry2.o)
    0x00000156   0x00000156   0x00000002   Code   RO         1449    .ARM.Collect$$rtexit$$00000000  c_p.l(rtexit.o)
    0x00000158   0x00000158   0x00000000   Code   RO         1505    .ARM.Collect$$rtexit$$00000002  c_p.l(rtexit2.o)
    0x00000158   0x00000158   0x00000004   Code   RO         1506    .ARM.Collect$$rtexit$$00000003  c_p.l(rtexit2.o)
    0x0000015c   0x0000015c   0x00000006   Code   RO         1507    .ARM.Collect$$rtexit$$00000004  c_p.l(rtexit2.o)
    0x00000162   0x00000162   0x00000002   PAD
    0x00000164   0x00000164   0x00000038   Code   RO         1396    .emb_text           c_p.l(rt_memcpy.o)
    0x0000019c   0x0000019c   0x0000002c   Code   RO         1358    .text               startup_sn32f700b.o
    0x000001c8   0x000001c8   0x00000082   Code   RO         1397    .text               c_p.l(rt_memcpy.o)
    0x0000024a   0x0000024a   0x0000015a   Code   RO         1400    .text               c_p.l(aeabi_sdiv.o)
    0x000003a4   0x000003a4   0x00000006   Code   RO         1404    .text               c_p.l(heapauxi.o)
    0x000003aa   0x000003aa   0x0000003e   Code   RO         1430    .text               c_p.l(sys_stackheap_outer.o)
    0x000003e8   0x000003e8   0x00000010   Code   RO         1433    .text               c_p.l(exit.o)
    0x000003f8   0x000003f8   0x00000008   Code   RO         1445    .text               c_p.l(libspace.o)
    0x00000400   0x00000400   0x0000000c   Code   RO         1502    .text               c_p.l(sys_exit.o)
    0x0000040c   0x0000040c   0x00000002   Code   RO         1521    .text               c_p.l(use_no_semi.o)
    0x0000040e   0x0000040e   0x00000000   Code   RO         1523    .text               c_p.l(indicate_semi.o)
    0x0000040e   0x0000040e   0x00000002   PAD
    0x00000410   0x00000410   0x0000001c   Code   RO          408    i.CT16B0_IRQHandler  ct16b0.o
    0x0000042c   0x0000042c   0x00000020   Code   RO          469    i.CT16B1_IRQHandler  ct16b1.o
    0x0000044c   0x0000044c   0x00000058   Code   RO          470    i.CT16B1_Init       ct16b1.o
    0x000004a4   0x000004a4   0x00000024   Code   RO          472    i.CT16B1_NvicEnable  ct16b1.o
    0x000004c8   0x000004c8   0x00000048   Code   RO          532    i.CT16B2_IRQHandler  ct16b2.o
    0x00000510   0x00000510   0x00000018   Code   RO          533    i.CT16B2_Init       ct16b2.o
    0x00000528   0x00000528   0x0000003c   Code   RO          535    i.CT16B2_NvicEnable  ct16b2.o
    0x00000564   0x00000564   0x0000002c   Code   RO          132    i.Dimmer_Save_Prmtr  userapp.o
    0x00000590   0x00000590   0x00000090   Code   RO          592    i.FLASH_ProgramPage  flash.o
    0x00000620   0x00000620   0x00000016   Code   RO          593    i.FLASH_Read_Data   flash.o
    0x00000636   0x00000636   0x00000002   PAD
    0x00000638   0x00000638   0x000000d0   Code   RO          133    i.Fade_Process      userapp.o
    0x00000708   0x00000708   0x00000068   Code   RO          629    i.GPIO_Clr          gpio.o
    0x00000770   0x00000770   0x000000a8   Code   RO          630    i.GPIO_Config       gpio.o
    0x00000818   0x00000818   0x000001b0   Code   RO          631    i.GPIO_Init         gpio.o
    0x000009c8   0x000009c8   0x00000050   Code   RO          632    i.GPIO_IntClr       gpio.o
    0x00000a18   0x00000a18   0x00000058   Code   RO          633    i.GPIO_IntStatus    gpio.o
    0x00000a70   0x00000a70   0x0000011c   Code   RO          634    i.GPIO_Interrupt    gpio.o
    0x00000b8c   0x00000b8c   0x000000a0   Code   RO          635    i.GPIO_Mode         gpio.o
    0x00000c2c   0x00000c2c   0x00000050   Code   RO          637    i.GPIO_P0Trigger    gpio.o
    0x00000c7c   0x00000c7c   0x00000050   Code   RO          638    i.GPIO_P1Trigger    gpio.o
    0x00000ccc   0x00000ccc   0x00000050   Code   RO          639    i.GPIO_P2Trigger    gpio.o
    0x00000d1c   0x00000d1c   0x00000050   Code   RO          640    i.GPIO_P3Trigger    gpio.o
    0x00000d6c   0x00000d6c   0x00000068   Code   RO          641    i.GPIO_Set          gpio.o
    0x00000dd4   0x00000dd4   0x00000038   Code   RO            3    i.HardFault_Handler  main.o
    0x00000e0c   0x00000e0c   0x000000d8   Code   RO          134    i.Key_Add_LongPress_Down_Handle  userapp.o
    0x00000ee4   0x00000ee4   0x0000001c   Code   RO          135    i.Key_Add_LongPress_Up_Handle  userapp.o
    0x00000f00   0x00000f00   0x000001c0   Code   RO          136    i.Key_Add_ShortPress_Handle  userapp.o
    0x000010c0   0x000010c0   0x00000330   Code   RO          137    i.Key_Check         userapp.o
    0x000013f0   0x000013f0   0x000000c8   Code   RO          138    i.Key_Dec_LongPress_Down_Handle  userapp.o
    0x000014b8   0x000014b8   0x0000001c   Code   RO          139    i.Key_Dec_LongPress_Up_Handle  userapp.o
    0x000014d4   0x000014d4   0x000001cc   Code   RO          140    i.Key_Dec_ShortPress_Handle  userapp.o
    0x000016a0   0x000016a0   0x00000048   Code   RO          141    i.Key_Power_LongPress_Handle  userapp.o
    0x000016e8   0x000016e8   0x000000dc   Code   RO          142    i.Key_Power_ShortPress_Handle  userapp.o
    0x000017c4   0x000017c4   0x00000164   Code   RO          143    i.Key_Process       userapp.o
    0x00001928   0x00001928   0x0000003c   Code   RO          144    i.Key_Scan          userapp.o
    0x00001964   0x00001964   0x00000014   Code   RO          292    i.LVD_IRQHandler    sys_con_drive.o
    0x00001978   0x00001978   0x00000008   Code   RO          473    i.MN_CT16B1_Init    ct16b1.o
    0x00001980   0x00001980   0x00000054   Code   RO          536    i.MN_CT16B2_Init    ct16b2.o
    0x000019d4   0x000019d4   0x00000002   Code   RO            4    i.NotPinOut_GPIO_init  main.o
    0x000019d6   0x000019d6   0x00000002   PAD
    0x000019d8   0x000019d8   0x0000009c   Code   RO          642    i.P0_IRQHandler     gpio.o
    0x00001a74   0x00001a74   0x00000088   Code   RO          643    i.P1_IRQHandler     gpio.o
    0x00001afc   0x00001afc   0x000000a0   Code   RO          644    i.P2_IRQHandler     gpio.o
    0x00001b9c   0x00001b9c   0x00000094   Code   RO          645    i.P3_IRQHandler     gpio.o
    0x00001c30   0x00001c30   0x00000014   Code   RO          778    i.PMU_Setting       pmu_drive.o
    0x00001c44   0x00001c44   0x0000003c   Code   RO         1269    i.Queue_Read_Byte   system.o
    0x00001c80   0x00001c80   0x00000058   Code   RO            5    i.Read_Parameter    main.o
    0x00001cd8   0x00001cd8   0x000000fc   Code   RO          146    i.SetTimeout_Process  userapp.o
    0x00001dd4   0x00001dd4   0x000002b4   Code   RO          806    i.SysTick_Handler   systick.o
    0x00002088   0x00002088   0x0000002c   Code   RO          807    i.SysTick_Init      systick.o
    0x000020b4   0x000020b4   0x000000f4   Code   RO         1364    i.SystemCoreClockUpdate  system_sn32f700b.o
    0x000021a8   0x000021a8   0x00000020   Code   RO         1365    i.SystemInit        system_sn32f700b.o
    0x000021c8   0x000021c8   0x000000c4   Code   RO          841    i.UART0_IRQHandler  uart0.o
    0x0000228c   0x0000228c   0x00000060   Code   RO          842    i.UART0_Init        uart0.o
    0x000022ec   0x000022ec   0x00000010   Code   RO          843    i.UART0_InterruptEnable  uart0.o
    0x000022fc   0x000022fc   0x00000018   Code   RO          844    i.UART0_SendByte    uart0.o
    0x00002314   0x00002314   0x000000c8   Code   RO          904    i.UART1_IRQHandler  uart1.o
    0x000023dc   0x000023dc   0x00000018   Code   RO          907    i.UART1_SendByte    uart1.o
    0x000023f4   0x000023f4   0x00000024   Code   RO          379    i.UT_DelayNms       utility.o
    0x00002418   0x00002418   0x00000010   Code   RO          380    i.UT_DelayNx10us    utility.o
    0x00002428   0x00002428   0x00000084   Code   RO          148    i.UartB_ReceiveData  userapp.o
    0x000024ac   0x000024ac   0x00000038   Code   RO          149    i.UartB_SendData    userapp.o
    0x000024e4   0x000024e4   0x0000003c   Code   RO          150    i.UartB_Write_Data  userapp.o
    0x00002520   0x00002520   0x00000024   Code   RO          957    i.WDT_IRQHandler    wdt.o
    0x00002544   0x00002544   0x00000020   Code   RO          961    i.WDT_ReloadValue   wdt.o
    0x00002564   0x00002564   0x00000130   Code   RO          151    i.ZCD_Process       userapp.o
    0x00002694   0x00002694   0x0000001c   Code   RO           39    i.__ARM_common_switch8  main.o
    0x000026b0   0x000026b0   0x00000018   Code   RO          474    i.__NVIC_ClearPendingIRQ  ct16b1.o
    0x000026c8   0x000026c8   0x00000018   Code   RO          646    i.__NVIC_ClearPendingIRQ  gpio.o
    0x000026e0   0x000026e0   0x00000018   Code   RO          647    i.__NVIC_EnableIRQ  gpio.o
    0x000026f8   0x000026f8   0x00000078   Code   RO          475    i.__NVIC_SetPriority  ct16b1.o
    0x00002770   0x00002770   0x00000078   Code   RO          537    i.__NVIC_SetPriority  ct16b2.o
    0x000027e8   0x000027e8   0x00000078   Code   RO          648    i.__NVIC_SetPriority  gpio.o
    0x00002860   0x00002860   0x00000030   Code   RO         1200    i.all_data_update   protocol.o
    0x00002890   0x00002890   0x0000001a   Code   RO         1016    i.byte_to_int       mcu_api.o
    0x000028aa   0x000028aa   0x00000002   PAD
    0x000028ac   0x000028ac   0x000000d8   Code   RO         1270    i.data_handle       system.o
    0x00002984   0x00002984   0x00000040   Code   RO         1271    i.data_point_handle  system.o
    0x000029c4   0x000029c4   0x00000068   Code   RO         1201    i.dp_download_bright_value_1_handle  protocol.o
    0x00002a2c   0x00002a2c   0x00000068   Code   RO         1202    i.dp_download_brightness_min_1_handle  protocol.o
    0x00002a94   0x00002a94   0x00000052   Code   RO         1203    i.dp_download_handle  protocol.o
    0x00002ae6   0x00002ae6   0x00000002   PAD
    0x00002ae8   0x00002ae8   0x00000048   Code   RO         1204    i.dp_download_led_type_1_handle  protocol.o
    0x00002b30   0x00002b30   0x000000cc   Code   RO         1205    i.dp_download_switch_led_1_handle  protocol.o
    0x00002bfc   0x00002bfc   0x0000005c   Code   RO          152    i.filter_data       userapp.o
    0x00002c58   0x00002c58   0x0000001c   Code   RO         1272    i.get_check_sum     system.o
    0x00002c74   0x00002c74   0x0000002c   Code   RO         1273    i.get_dowmload_dpid_index  system.o
    0x00002ca0   0x00002ca0   0x00000004   Code   RO         1206    i.get_download_cmd_total  protocol.o
    0x00002ca4   0x00002ca4   0x0000000e   Code   RO         1274    i.get_mcu_wifi_mode  system.o
    0x00002cb2   0x00002cb2   0x00000002   PAD
    0x00002cb4   0x00002cb4   0x0000001c   Code   RO         1275    i.get_queue_total_data  system.o
    0x00002cd0   0x00002cd0   0x00000038   Code   RO         1276    i.heat_beat_check   system.o
    0x00002d08   0x00002d08   0x000000d0   Code   RO            6    i.main              main.o
    0x00002dd8   0x00002dd8   0x00000064   Code   RO         1019    i.mcu_dp_bool_update  mcu_api.o
    0x00002e3c   0x00002e3c   0x00000054   Code   RO         1020    i.mcu_dp_enum_update  mcu_api.o
    0x00002e90   0x00002e90   0x00000078   Code   RO         1024    i.mcu_dp_value_update  mcu_api.o
    0x00002f08   0x00002f08   0x00000006   Code   RO         1025    i.mcu_get_dp_download_bool  mcu_api.o
    0x00002f0e   0x00002f0e   0x00000006   Code   RO         1026    i.mcu_get_dp_download_enum  mcu_api.o
    0x00002f14   0x00002f14   0x0000000e   Code   RO         1027    i.mcu_get_dp_download_value  mcu_api.o
    0x00002f22   0x00002f22   0x00000002   PAD
    0x00002f24   0x00002f24   0x0000000c   Code   RO         1029    i.mcu_get_wifi_work_state  mcu_api.o
    0x00002f30   0x00002f30   0x00000018   Code   RO         1031    i.mcu_reset_wifi    mcu_api.o
    0x00002f48   0x00002f48   0x0000004c   Code   RO         1034    i.my_memcpy         mcu_api.o
    0x00002f94   0x00002f94   0x0000001c   Code   RO         1038    i.my_strlen         mcu_api.o
    0x00002fb0   0x00002fb0   0x000000d8   Code   RO         1277    i.product_info_update  system.o
    0x00003088   0x00003088   0x00000024   Code   RO         1278    i.set_wifi_uart_buffer  system.o
    0x000030ac   0x000030ac   0x00000010   Code   RO         1279    i.set_wifi_uart_byte  system.o
    0x000030bc   0x000030bc   0x00000058   Code   RO          153    i.system_factory_default  userapp.o
    0x00003114   0x00003114   0x00000058   Code   RO         1039    i.uart_receive_input  mcu_api.o
    0x0000316c   0x0000316c   0x0000000c   Code   RO         1207    i.uart_transmit_output  protocol.o
    0x00003178   0x00003178   0x00000024   Code   RO         1041    i.wifi_protocol_init  mcu_api.o
    0x0000319c   0x0000319c   0x0000000c   Code   RO         1208    i.wifi_test_result  protocol.o
    0x000031a8   0x000031a8   0x000000f0   Code   RO         1042    i.wifi_uart_service  mcu_api.o
    0x00003298   0x00003298   0x00000028   Code   RO         1280    i.wifi_uart_write_data  system.o
    0x000032c0   0x000032c0   0x00000044   Code   RO         1281    i.wifi_uart_write_frame  system.o
    0x00003304   0x00003304   0x00000008   Data   RO         1209    .constdata          protocol.o
    0x0000330c   0x0000330c   0x00000020   Data   RO         1573    Region$$Table       anon$$obj.o


    Execution Region RW_IRAM1 (Exec base: 0x20000000, Load base: 0x0000332c, Size: 0x00000390, Max: 0x00002000, ABSOLUTE)

    Exec Addr    Load Addr    Size         Type   Attr      Idx    E Section Name        Object

    0x20000000   0x0000332c   0x00000002   Data   RW            7    .data               main.o
    0x20000002   0x0000332e   0x00000002   PAD
    0x20000004   0x00003330   0x00000058   Data   RW          155    .data               userapp.o
    0x2000005c   0x00003388   0x00000008   Data   RW          476    .data               ct16b1.o
    0x20000064   0x00003390   0x00000004   Data   RW          538    .data               ct16b2.o
    0x20000068   0x00003394   0x00000002   Data   RW          649    .data               gpio.o
    0x2000006a   0x00003396   0x00000002   PAD
    0x2000006c   0x00003398   0x0000001d   Data   RW          808    .data               systick.o
    0x20000089   0x000033b5   0x00000001   PAD
    0x2000008a   0x000033b6   0x00000002   Data   RW         1043    .data               mcu_api.o
    0x2000008c   0x000033b8   0x0000000f   Data   RW         1283    .data               system.o
    0x2000009b   0x000033c7   0x00000001   PAD
    0x2000009c   0x000033c8   0x00000004   Data   RW         1366    .data               system_sn32f700b.o
    0x200000a0        -       0x0000001e   Zero   RW          154    .bss                userapp.o
    0x200000be        -       0x0000006d   Zero   RW         1282    .bss                system.o
    0x2000012b   0x000033cc   0x00000001   PAD
    0x2000012c        -       0x00000060   Zero   RW         1446    .bss                c_p.l(libspace.o)
    0x2000018c   0x000033cc   0x00000004   PAD
    0x20000190        -       0x00000000   Zero   RW         1356    HEAP                startup_sn32f700b.o
    0x20000190        -       0x00000200   Zero   RW         1355    STACK               startup_sn32f700b.o


==============================================================================

Image component sizes


      Code (inc. data)   RO Data    RW Data    ZI Data      Debug   Object Name

        28          8          0          0          0        412   ct16b0.o
       308         46          0          8          0      11340   ct16b1.o
       360         54          0          4          0       3131   ct16b2.o
       166          6          0          0          0       1598   flash.o
      2508        250          0          2          0      18747   gpio.o
       382         42          0          2          0      31639   main.o
       860         66          0          2          0       9677   mcu_api.o
        20          6          0          0          0        442   pmu_drive.o
       642         58          8          0          0       6342   protocol.o
        44         18        192          0        512        628   startup_sn32f700b.o
        20          6          0          0          0        405   sys_con_drive.o
       886        146          0         15        109       9421   system.o
       276         56          0          4          0       1359   system_sn32f700b.o
       736        110          0         29          0       2215   systick.o
       332         30          0          0          0      10449   uart0.o
       224         10          0          0          0       1592   uart1.o
      4140        530          0         88         30      16354   userapp.o
        52          8          0          0          0        907   utility.o
        68         26          0          0          0        863   wdt.o

    ----------------------------------------------------------------------
     12064       1476        232        160        652     127521   Object Totals
         0          0         32          0          0          0   (incl. Generated)
        12          0          0          6          1          0   (incl. Padding)

    ----------------------------------------------------------------------

      Code (inc. data)   RO Data    RW Data    ZI Data      Debug   Library Member Name

         8          0          0          0          0         68   __main.o
         0          0          0          0          0          0   __rtentry.o
        12          0          0          0          0          0   __rtentry2.o
         6          0          0          0          0          0   __rtentry4.o
        60          8          0          0          0          0   __scatter.o
        26          0          0          0          0          0   __scatter_copy.o
        28          0          0          0          0          0   __scatter_zi.o
       346          0          0          0          0         92   aeabi_sdiv.o
        16          0          0          0          0         68   exit.o
         6          0          0          0          0        136   heapauxi.o
         0          0          0          0          0          0   indicate_semi.o
         2          0          0          0          0          0   libinit.o
         2          0          0          0          0          0   libinit2.o
         2          0          0          0          0          0   libshutdown.o
         2          0          0          0          0          0   libshutdown2.o
         8          4          0          0         96         68   libspace.o
       186          0          0          0          0        144   rt_memcpy.o
         2          0          0          0          0          0   rtexit.o
        10          0          0          0          0          0   rtexit2.o
        12          4          0          0          0         60   sys_exit.o
        62          0          0          0          0         80   sys_stackheap_outer.o
         2          0          0          0          0         68   use_no_semi.o

    ----------------------------------------------------------------------
       804         16          0          0        100        784   Library Totals
         6          0          0          0          4          0   (incl. Padding)

    ----------------------------------------------------------------------

      Code (inc. data)   RO Data    RW Data    ZI Data      Debug   Library Name

       798         16          0          0         96        784   c_p.l

    ----------------------------------------------------------------------
       804         16          0          0        100        784   Library Totals

    ----------------------------------------------------------------------

==============================================================================


      Code (inc. data)   RO Data    RW Data    ZI Data      Debug   

     12868       1492        232        160        752     123401   Grand Totals
     12868       1492        232        160        752     123401   ELF Image Totals
     12868       1492        232        160          0          0   ROM Totals

==============================================================================

    Total RO  Size (Code + RO Data)                13100 (  12.79kB)
    Total RW  Size (RW Data + ZI Data)               912 (   0.89kB)
    Total ROM Size (Code + RO Data + RW Data)      13260 (  12.95kB)

==============================================================================

